[www.bnc100.com/index.html]
[backblue.gif]
[fade.gif]
[index.html]
[bnc100.com/static/home/images/h-logo1.png]
[bnc100.com/static/home/images/h-logo2.png]
[www.bnc100.com/about.html]
[www.bnc100.com/product.html]
[www.bnc100.com/service.html]
[www.bnc100.com/news.html]
[www.bnc100.com/research.html]
[www.bnc100.com/contact.html]
[www.bnc100.com/static/home/images/icon-mag1.png]
[www.bnc100.com/static/home/images/icon-mag2.png]
[bnc100.com/static/home/images/ab_ban.jpg]
[bnc100.com/upload/images/slides/20231127/17010807904303305.jpg]
[www.bnc100.com/static/home/images/ho_b.png]
[www.bnc100.com/about-2.html]
[www.bnc100.com/static/home/images/icon-4.png]
[www.bnc100.com/static/home/images/icon-6.png]
[www.bnc100.com/static/home/images/ho1_1.png]
[www.bnc100.com/static/home/images/ho2_bg.jpg]
[www.bnc100.com/static/home/images/ho2_1.png]
[bnc100.com/static/home/images/ho2_21.png]
[bnc100.com/static/home/images/ho2_22.png]
[bnc100.com/static/home/images/ho2_31.png]
[bnc100.com/static/home/images/ho2_32.png]
[bnc100.com/static/home/images/ho2_11.png]
[bnc100.com/static/home/images/ho2_12.png]
[bnc100.com/static/home/images/ho2_41.png]
[bnc100.com/static/home/images/ho2_42.png]
[www.bnc100.com/service-2.html]
[www.bnc100.com/static/home/images/ho3_1.jpg]
[www.bnc100.com/ganxibao.html]
[www.bnc100.com/detail/45.html]
[www.bnc100.com/detail/44.html]
[www.bnc100.com/detail/43.html]
[www.bnc100.com/detail/42.html]
[www.bnc100.com/detail/41.html]
[www.bnc100.com/detail/40.html]
[www.bnc100.com/detail/27.html]
[www.bnc100.com/detail/26.html]
[www.bnc100.com/upload/images/article/20231114/16999649447526310.jpg]
[www.bnc100.com/upload/images/article/20231114/16999649445542434.jpg]
[www.bnc100.com/upload/images/article/20231114/16999649448219513.jpg]
[www.bnc100.com/upload/images/article/20231114/16999649448268628.jpg]
[www.bnc100.com/upload/images/article/20231114/16999649444386657.jpg]
[www.bnc100.com/upload/images/article/20231114/16999649442749690.jpg]
[www.bnc100.com/upload/images/article/20231114/16999649446059466.jpg]
[www.bnc100.com/upload/images/article/20231114/16999649441791263.jpg]
[www.bnc100.com/upload/images/article/20231114/16999652204641238.jpg]
[www.bnc100.com/news-2.html]
[www.bnc100.com/news/bainianchunweinindingzhixibaojikangshuai.html]
[www.bnc100.com/static/home/images/icon-1.png]
[www.bnc100.com/static/home/images/icon-2.png]
[www.bnc100.com/news/bainianchunhuganmeibaihuanyanzhenxiufuganzangshunshangdanbanmeibai.html]
[www.bnc100.com/news/zitiganxibaojiankangtouzishouxuan.html]
[www.bnc100.com/news/zitiganxibaoyouxiaozhiliaoluanchaozaoshuai.html]
[www.bnc100.com/news/zitiganxibaozhiliaofeibusunshangfeixianweihua.html]
[www.bnc100.com/news/zitiganxibaoweilaiyingyongqianjing.html]
[bnc100.com/static/home/images/f-logo.png]
[bnc100.com/static/home/images/icon-f1.png]
[bnc100.com/static/home/images/icon-code.png]
[www.bnc100.com/www.baidu.com]
[bnc100.com/upload/images/friend_link/20231010/16969442217523354.png]
[www.bnc100.com/static/home/images/f-ph.png]
[www.bnc100.com/list/1.html]
[www.bnc100.com/product/1.html]
[www.bnc100.com/list/2.html]
[www.bnc100.com/list/3.html]
[www.bnc100.com/list/4.html]
[www.bnc100.com/list/5.html]
[www.bnc100.com/detail/38.html]
[www.bnc100.com/detail/39.html]
[www.bnc100.com/static/home/js/jquery.js]
[www.bnc100.com/static/home/js/ifie8.js]
[www.bnc100.com/static/home/js/placeholder.min.js]
[www.bnc100.com/static/home/js/swiper.min.js]
[www.bnc100.com/static/home/js/js.js]
[www.bnc100.com/static/home/default/hunuo.js]
[www.bnc100.com/index.html]
[www.bnc100.com/static/home/default/social-share.min.js]
[www.bnc100.com/static/home/css/swiper.min.css]
[www.bnc100.com/static/home/css/animateDIY.css]
[www.bnc100.com/static/home/css/ietip/browser.png]
[www.bnc100.com/static/home/images/icon-mob.png]
[www.bnc100.com/static/home/images/hm_3.png]
[www.bnc100.com/static/home/images/hm_4.png]
[www.bnc100.com/static/home/images/m_off.png]
[www.bnc100.com/static/home/images/icon-ff2.png]
[www.bnc100.com/static/home/images/icon-ff1.png]
[www.bnc100.com/static/home/images/icon-00.59.delayed]
[www.bnc100.com/static/home/images/icon-p11.png]
[www.bnc100.com/static/home/images/icon-p12.png]
[www.bnc100.com/static/home/images/icon-p21.png]
[www.bnc100.com/static/home/images/icon-p22.png]
[www.bnc100.com/static/home/images/icon-15.png]
[www.bnc100.com/static/home/images/ho1_bg.jpg]
[www.bnc100.com/static/home/images/ho3_bg.jpg]
[www.bnc100.com/static/home/images/ho4_bg.jpg]
[www.bnc100.com/static/home/images/ab1_bg.jpg]
[www.bnc100.com/static/home/images/ab2_bg.jpg]
[www.bnc100.com/static/home/images/ab3_bg.jpg]
[www.bnc100.com/static/home/images/ab4_bg.jpg]
[www.bnc100.com/static/home/images/ab5_bg.jpg]
[www.bnc100.com/static/home/images/icon-40.jpg]
[www.bnc100.com/static/home/images/ab6_bg.jpg]
[www.bnc100.com/static/home/images/ab7_bg.jpg]
[www.bnc100.com/static/home/images/ab8_bg.jpg]
[www.bnc100.com/static/home/images/icon-7.png]
[www.bnc100.com/static/home/images/ab9_bg.jpg]
[www.bnc100.com/static/home/images/icon-41.jpg]
[www.bnc100.com/static/home/images/ab10_bg.jpg]
[www.bnc100.com/static/home/images/icon-17.6f.delayed]
[www.bnc100.com/static/home/images/icon-5.png]
[www.bnc100.com/static/home/images/dev5_bg.jpg]
[www.bnc100.com/static/home/css/style.css]
[www.bnc100.com/static/home/default/load.gif]
[www.bnc100.com/static/home/default/hunuo.css]
[www.bnc100.com/static/home/default/share.min.css]
[www.bnc100.com/static/home/images/icon-home.png]
[www.bnc100.com/upload/files/article/20231025/16982270236972642.mp4]
[www.bnc100.com/static/home/images/ab2_1.jpg]
[www.bnc100.com/static/home/images/icon-100.png]
[www.bnc100.com/static/home/images/icon-8.png]
[www.bnc100.com/static/home/images/ab8_1.jpg]
[www.bnc100.com/upload/images/article/20231030/16986488428802306.jpg]
[www.bnc100.com/upload/images/article/20231016/16974233413348252.jpg]
[www.bnc100.com/upload/images/article/20231016/16974233412605324.jpg]
[www.bnc100.com/upload/images/article/20231016/16974232743394321.jpg]
[www.bnc100.com/upload/images/article/20231016/16974232741032551.jpg]
[www.bnc100.com/upload/images/article/20231016/16974232744065146.jpg]
[www.bnc100.com/upload/images/article/20231016/16974232747058315.jpg]
[www.bnc100.com/upload/images/article/20231016/16974232747412310.jpg]
[www.bnc100.com/upload/images/article/20231016/16974238405983895.jpg]
[www.bnc100.com/upload/images/article/20231016/16974238396717723.jpg]
[www.bnc100.com/upload/images/article/20231016/16974238391270712.jpg]
[www.bnc100.com/upload/images/article/20231016/16974238475822393.jpg]
[www.bnc100.com/upload/images/article/20231016/16974238399731840.jpg]
[www.bnc100.com/upload/images/article/20231016/16974238409351153.jpg]
[www.bnc100.com/upload/images/article/20231016/16974238405456468.jpg]
[www.bnc100.com/upload/images/article/20231016/16974238407533464.jpg]
[www.bnc100.com/upload/images/article/20231016/16974238404881047.jpg]
[www.bnc100.com/upload/images/article/20231016/16974238405220799.jpg]
[www.bnc100.com/upload/images/article/20231016/16974238404252569.jpg]
[www.bnc100.com/upload/images/article/20231016/16974238478572653.jpg]
[www.bnc100.com/upload/images/article/20231016/16974238476820832.jpg]
[www.bnc100.com/static/home/images/icon-9.png]
[www.bnc100.com/static/home/images/ab.jpg]
[www.bnc100.com/static/home/js/photoswipe.min.js]
[www.bnc100.com/static/home/js/photoswipe-ui-default.min.js]
[www.bnc100.com/about.html]
[www.bnc100.com/upload/images/slides/20231010/16969456116472865.jpg]
[www.bnc100.com/product-2.html]
[www.bnc100.com/item/3.html]
[www.bnc100.com/item/2.html]
[www.bnc100.com/item/4.html]
[www.bnc100.com/item/5.html]
[www.bnc100.com/item/17.html]
[www.bnc100.com/item/18.html]
[www.bnc100.com/item/6.html]
[www.bnc100.com/item/7.html]
[www.bnc100.com/item/8.html]
[www.bnc100.com/item/9.html]
[www.bnc100.com/product.html]
[www.bnc100.com/upload/images/slides/20231127/17010820151597978.jpg]
[www.bnc100.com/service4658.html]
[www.bnc100.com/service.html]
[www.bnc100.com/upload/images/slides/20231127/17010831686083128.jpg]
[www.bnc100.com/list/12.html]
[www.bnc100.com/list/13.html]
[www.bnc100.com/news/zitiganxibaojingzhunxiufushenzangsunshang.html]
[www.bnc100.com/news/zitiganxibaozhiliaoqiguankangsuai.html]
[www.bnc100.com/news/zitiganxibaozhiliaotangniaobingzuixinjinzhan.html]
[www.bnc100.com/news4658.html]
[www.bnc100.com/news9ba9.html]
[www.bnc100.com/newsfdb0.html]
[www.bnc100.com/newsaf4d.html]
[www.bnc100.com/newsc575.html]
[www.bnc100.com/news235c.html]
[www.bnc100.com/news.html]
[www.bnc100.com/upload/images/slides/20231127/17010809466169506.jpg]
[www.bnc100.com/research-2.html]
[www.bnc100.com/static/home/images/dev1_1.jpg]
[www.bnc100.com/upload/images/article/20231127/17010825307992032.jpg]
[www.bnc100.com/static/home/images/dev3_0.jpg]
[www.bnc100.com/research.html]
[www.bnc100.com/upload/images/slides/20231127/17010830892075844.jpg]
[www.bnc100.com/contact-2.html]
[www.bnc100.com/static/home/images/icon-c1.png]
[www.bnc100.com/static/home/images/icon-c2.png]
[www.bnc100.com/static/home/images/icon-c3.png]
[www.bnc100.com/static/home/images/map.jpg]
[www.bnc100.com/common/captcha/index.html]
[www.bnc100.com/common/captcha/index5445.html]
[www.bnc100.com/contact.html]
[www.bnc100.com/about-2.html]
[www.bnc100.com/service4658-2.html]
[www.bnc100.com/service-2.html]
[www.bnc100.com/upload/images/ueditor/20231019/16977132081345066.jpg]
[www.bnc100.com/static/home/images/icon-3.png]
[www.bnc100.com/ganxibao.html]
[www.bnc100.com/detail/https://weibo.com/u/8215847324]
[www.bnc100.com/detail/45.html]
[www.bnc100.com/detail/44.html]
[www.bnc100.com/detail/43.html]
[www.bnc100.com/detail/42.html]
[www.bnc100.com/detail/41.html]
[www.bnc100.com/detail/40.html]
[www.bnc100.com/detail/27.html]
[www.bnc100.com/detail/26.html]
[www.bnc100.com/news4658-2.html]
[www.bnc100.com/news9ba9-2.html]
[www.bnc100.com/newsfdb0-2.html]
[www.bnc100.com/newsaf4d-2.html]
[www.bnc100.com/newsc575-2.html]
[www.bnc100.com/news235c-2.html]
[www.bnc100.com/news-2.html]
[www.bnc100.com/upload/images/ueditor/20260304/17726141293835802.png]
[www.bnc100.com/upload/images/ueditor/20260304/17726141499657123.jpg]
[www.bnc100.com/upload/images/article/20260210/17707044482901663.jpg]
[www.bnc100.com/upload/images/article/20260209/17706317695112739.jpg]
[www.bnc100.com/upload/images/article/20260208/17705330359594186.jpg]
[www.bnc100.com/upload/images/ueditor/20260206/17703676784283631.jpg]
[www.bnc100.com/news/www.baidu.cb.delayed]
[www.bnc100.com/news/bainianchunweinindingzhixibaojikangshuai.html]
[www.bnc100.com/upload/images/ueditor/20260301/17723537495349210.jpg]
[www.bnc100.com/upload/images/ueditor/20260301/17723537567569741.jpg]
[www.bnc100.com/news/zitiganxibaoconggenyuanxiufuzhiliaogaoxuezhi.html]
[www.bnc100.com/upload/images/ueditor/20260111/17680966942730014.png]
[www.bnc100.com/bainianchunshengzhiganxibao.html]
[www.bnc100.com/upload/images/article/20251210/17653569445242572.png]
[www.bnc100.com/bainiancunganxibao.html]
[www.bnc100.com/upload/images/article/20251201/17645732513431169.png]
[www.bnc100.com/jianchongzhiganxibao.html]
[www.bnc100.com/upload/images/article/20251114/17631046302243053.png]
[www.bnc100.com/news/bainianchunhuganmeibaihuanyanzhenxiufuganzangshunshangdanbanmeibai.html]
[www.bnc100.com/news/zitiganxibaojiankangtouzishouxuan.html]
[www.bnc100.com/upload/images/ueditor/20260209/17706317351523288.png]
[www.bnc100.com/upload/images/ueditor/20260209/17706313697933678.jpg]
[www.bnc100.com/upload/images/ueditor/20260209/17706314214711029.jpg]
[www.bnc100.com/upload/images/ueditor/20260209/17706314362093845.jpg]
[www.bnc100.com/upload/images/ueditor/20260209/17706314669848456.jpg]
[www.bnc100.com/upload/images/ueditor/20260209/17706314715151319.jpg]
[www.bnc100.com/upload/images/ueditor/20260209/17706314911664418.png]
[www.bnc100.com/upload/images/ueditor/20260209/17706315125198269.png]
[www.bnc100.com/upload/images/ueditor/20260209/17706315453520120.png]
[www.bnc100.com/upload/images/ueditor/20260209/17706315845555001.jpg]
[www.bnc100.com/upload/images/ueditor/20260209/17706316051969008.jpg]
[www.bnc100.com/upload/images/ueditor/20260209/17706316878762991.jpg]
[www.bnc100.com/news/zitiganxibaoyouxiaozhiliaoluanchaozaoshuai.html]
[www.bnc100.com/upload/images/ueditor/20260208/17705327258393780.png]
[www.bnc100.com/upload/images/ueditor/20260208/17705327703557504.png]
[www.bnc100.com/upload/images/ueditor/20260208/17705328033899753.png]
[www.bnc100.com/upload/images/ueditor/20260208/17705328146235111.png]
[www.bnc100.com/upload/images/ueditor/20260208/17705329101683861.jpg]
[www.bnc100.com/news/zitiganxibaozhiliaofeibusunshangfeixianweihua.html]
[www.bnc100.com/news/zitiganxibaoweilaiyingyongqianjing.html]
[www.bnc100.com/https://weibo.com/u/8215847324]
[www.bnc100.com/list/www.baidu.e7.delayed]
[www.bnc100.com/list/1.html]
[www.bnc100.com/product/www.baidu.e8.delayed]
[www.bnc100.com/product/1.html]
[www.bnc100.com/list/24658.html]
[www.bnc100.com/list/2.html]
[www.bnc100.com/list/34658.html]
[www.bnc100.com/list/39ba9.html]
[www.bnc100.com/list/3fdb0.html]
[www.bnc100.com/list/3af4d.html]
[www.bnc100.com/list/3c575.html]
[www.bnc100.com/list/3235c.html]
[www.bnc100.com/list/3.html]
[www.bnc100.com/list/4.html]
[www.bnc100.com/list/5.html]
[www.bnc100.com/detail/38.html]
[www.bnc100.com/detail/39.html]
[www.bnc100.com/static/home/images/icon-00.html]
[www.bnc100.com/static/home/images/icon-15.html]
[www.bnc100.com/static/home/images/icon-17.html]
[www.bnc100.com/static/home/css/photoswipe.css]
[www.bnc100.com/static/home/css/default-skin/default-skin.png]
[www.bnc100.com/static/home/css/default-skin/preloader.gif]
[www.bnc100.com/static/home/css/default-skin/default-skin.css]
[www.bnc100.com/product-2.html]
[www.bnc100.com/static/home/images/pro2_1.jpg]
[www.bnc100.com/upload/images/ueditor/20231016/16974252113102124.jpg]
[www.bnc100.com/upload/images/ueditor/20231016/16974252562813248.jpg]
[www.bnc100.com/upload/images/ueditor/20231016/16974252942034119.jpg]
[www.bnc100.com/upload/images/ueditor/20231016/16974255759566481.jpg]
[www.bnc100.com/upload/images/ueditor/20231016/16974255829096536.jpg]
[www.bnc100.com/upload/images/ueditor/20231016/16974256215771501.jpg]
[www.bnc100.com/upload/images/ueditor/20231016/16974256613547836.jpg]
[www.bnc100.com/upload/images/ueditor/20231016/16974257504644340.jpg]
[www.bnc100.com/upload/images/ueditor/20231016/16974259286259330.jpg]
[www.bnc100.com/upload/images/ueditor/20231016/16974259632139636.jpg]
[www.bnc100.com/upload/images/ueditor/20231016/16974259856767886.jpg]
[www.bnc100.com/upload/images/ueditor/20231016/16974260572884812.jpg]
[www.bnc100.com/upload/images/ueditor/20231016/16974260629477568.jpg]
[www.bnc100.com/upload/images/ueditor/20231016/16974262275519569.jpg]
[www.bnc100.com/item/https://weibo.com/u/8215847324]
[www.bnc100.com/item/3.html]
[www.bnc100.com/item/2.html]
[www.bnc100.com/upload/images/product/20231016/16974288476244251.jpg]
[www.bnc100.com/upload/images/ueditor/20231016/16974360111602657.jpg]
[www.bnc100.com/upload/images/ueditor/20231016/16974360453835905.jpg]
[www.bnc100.com/upload/images/ueditor/20231016/16974361304143229.jpg]
[www.bnc100.com/upload/images/ueditor/20231016/16974362334241399.jpg]
[www.bnc100.com/upload/images/ueditor/20231016/16974362668642792.jpg]
[www.bnc100.com/upload/images/ueditor/20231016/16974363049393390.jpg]
[www.bnc100.com/upload/images/ueditor/20231016/16974363317573003.jpg]
[www.bnc100.com/upload/images/ueditor/20231016/16974363519736922.jpg]
[www.bnc100.com/upload/images/ueditor/20231016/16974363975189031.jpg]
[www.bnc100.com/upload/images/ueditor/20231016/16974364679601643.jpg]
[www.bnc100.com/upload/images/ueditor/20231016/16974364728159962.jpg]
[www.bnc100.com/item/4.html]
[www.bnc100.com/item/5.html]
[www.bnc100.com/item/17.html]
[www.bnc100.com/upload/images/product/20231018/16976264444889124.jpg]
[www.bnc100.com/upload/images/ueditor/20231018/16976260813742598.jpg]
[www.bnc100.com/upload/images/ueditor/20231018/16976261381302567.jpg]
[www.bnc100.com/upload/images/ueditor/20231018/16976261756376133.jpg]
[www.bnc100.com/upload/images/ueditor/20231018/16976263164961605.jpg]
[www.bnc100.com/item/18.html]
[www.bnc100.com/item/6.html]
[www.bnc100.com/upload/images/ueditor/20231018/16976284347084803.jpg]
[www.bnc100.com/upload/images/ueditor/20231018/16976283324262967.jpg]
[www.bnc100.com/upload/images/ueditor/20231018/16976283651542482.jpg]
[www.bnc100.com/upload/images/ueditor/20231018/16976283914004860.jpg]
[www.bnc100.com/item/7.html]
[www.bnc100.com/item/8.html]
[www.bnc100.com/upload/images/ueditor/20231018/16976290176610029.jpg]
[www.bnc100.com/upload/images/ueditor/20231018/16976288115448796.jpg]
[www.bnc100.com/upload/images/ueditor/20231018/16976288351358633.jpg]
[www.bnc100.com/upload/images/ueditor/20231018/16976289739901531.jpg]
[www.bnc100.com/item/9.html]
[www.bnc100.com/service2679.html]
[www.bnc100.com/service4658.html]
[www.bnc100.com/news/bainianchun.html]
[www.bnc100.com/news/zitiganxibaoautologous-stem-cells.html]
[www.bnc100.com/news/zitiganxibaoshouchuanzhehejianchizhetobainianchun.html]
[www.bnc100.com/news/zitiganxibaojishu25yingyonganquanyouxiao.html]
[www.bnc100.com/list/124658.html]
[www.bnc100.com/list/129ba9.html]
[www.bnc100.com/list/12fdb0.html]
[www.bnc100.com/list/12af4d.html]
[www.bnc100.com/list/12c575.html]
[www.bnc100.com/list/12235c.html]
[www.bnc100.com/list/12.html]
[www.bnc100.com/news/zitiganxibaozhiliaoxinjibing.html]
[www.bnc100.com/list/134658.html]
[www.bnc100.com/list/139ba9.html]
[www.bnc100.com/list/13fdb0.html]
[www.bnc100.com/list/13af4d.html]
[www.bnc100.com/list/13c575.html]
[www.bnc100.com/list/13235c.html]
[www.bnc100.com/list/13.html]
[www.bnc100.com/upload/images/ueditor/20260204/17701900667534313.jpg]
[www.bnc100.com/upload/images/ueditor/20260204/17701900806963099.png]
[www.bnc100.com/upload/images/ueditor/20260204/17701901385615219.png]
[www.bnc100.com/upload/images/ueditor/20260204/17701901018587440.png]
[www.bnc100.com/upload/images/ueditor/20260204/17701902213892532.png]
[www.bnc100.com/upload/images/ueditor/20260204/17701902659738189.png]
[www.bnc100.com/upload/images/ueditor/20260204/17701902354159396.png]
[www.bnc100.com/upload/images/ueditor/20260204/17701902765869649.png]
[www.bnc100.com/upload/images/ueditor/20260204/17701902974448359.jpg]
[www.bnc100.com/news/zitiganxibaojingzhunxiufushenzangsunshang.html]
[www.bnc100.com/news/zitiganxibaozhiliaoqiguankangsuai.html]
[www.bnc100.com/upload/images/ueditor/20260202/17700203496812367.jpg]
[www.bnc100.com/upload/images/ueditor/20260202/17700203912706528.jpg]
[www.bnc100.com/upload/images/ueditor/20260202/17700203957024716.jpg]
[www.bnc100.com/upload/images/ueditor/20260202/17700204249343612.jpg]
[www.bnc100.com/upload/images/ueditor/20260202/17700203615336162.jpg]
[www.bnc100.com/upload/images/ueditor/20260202/17700204559294880.jpg]
[www.bnc100.com/upload/images/ueditor/20260202/17700204826246809.jpg]
[www.bnc100.com/upload/images/ueditor/20260202/17700205776087309.png]
[www.bnc100.com/upload/images/ueditor/20260202/17700205893954879.jpg]
[www.bnc100.com/upload/images/ueditor/20260202/17700206063719542.jpg]
[www.bnc100.com/upload/images/ueditor/20260202/17700206343275648.jpg]
[www.bnc100.com/upload/images/ueditor/20260202/17700206346311606.jpg]
[www.bnc100.com/upload/images/ueditor/20260202/17700206345723513.jpg]
[www.bnc100.com/upload/images/ueditor/20260202/17700206528172880.jpg]
[www.bnc100.com/news/zitiganxibaozhiliaotangniaobingzuixinjinzhan.html]
[www.bnc100.com/news/zitiganxibaozhiliaoganyinghuarangganzangchongsheng.html]
[www.bnc100.com/news/zitimianyixibaozhiliaojiyufangjibing.html]
[www.bnc100.com/news/zitiganxibaozhiliaoxiguanjie.html]
[www.bnc100.com/news/zitiganxibaozhiliaonaogeng.html]
[www.bnc100.com/news/zitiganxibaoxiufufeizang.html]
[www.bnc100.com/news/zitiganxibaoduocihuishuxiaoguozuijia.html]
[www.bnc100.com/news/zitiganxibaozhiliaomanxingtangniaobing.html]
[www.bnc100.com/news2679.html]
[www.bnc100.com/news4658.html]
[www.bnc100.com/news/zitiganxibaonk-cell-therapy-hepatitis-b-hpv-treatment.html]
[www.bnc100.com/news/zitiganxibaozhenduikangshuailaobaojian.html]
[www.bnc100.com/detail/225.html]
[www.bnc100.com/news/zitiganxibaoyouxiaofangzhigaoxuezhidaozhidebingfazheng.html]
[www.bnc100.com/news9ba9.html]
[www.bnc100.com/newsfdb0.html]
[www.bnc100.com/newsaf4d.html]
[www.bnc100.com/news/zitiganxibaowaimitihufu.html]
[www.bnc100.com/news/zitimainyixibaozengqiangjitimianyili.html]
[www.bnc100.com/news/zitiganxibaozhiliaohongbanlangchang.html]
[www.bnc100.com/news/zitiNKxibaozhiliaofeijiejie.html]
[www.bnc100.com/news/zitiganxibaozhiliaoqiangzhixingjizhuyan.html]
[www.bnc100.com/news/zitiprphuanyan.html]
[www.bnc100.com/news/zitiganxibaowaimitizhiliaofeijiejie.html]
[www.bnc100.com/news/zitiPRPzhiliaotuofa.html]
[www.bnc100.com/newsfdfa.html]
[www.bnc100.com/news0b08.html]
[www.bnc100.com/newsc575.html]
[www.bnc100.com/news235c.html]
[www.bnc100.com/research-2.html]
[www.bnc100.com/contact-2.html]
[www.bnc100.com/common/captcha/index.html]
[www.bnc100.com/common/captcha/index5445.html]
[www.bnc100.com/service2679-2.html]
[www.bnc100.com/service4658-2.html]
[www.bnc100.com/detail/https://weibo.com/u/8215847324]
[www.bnc100.com/news2679-2.html]
[www.bnc100.com/news4658-2.html]
[www.bnc100.com/news9ba9-2.html]
[www.bnc100.com/news/zitiganxibaozhiliaogaoxueyaanquanyouxiao.html]
[www.bnc100.com/news/zitiganxibaoganyukangshuailao.html]
[www.bnc100.com/news/zitiganxibaokangshuailaobaojianhemanxingjibingxiufubaojianxioaguoxianzhu.html]
[www.bnc100.com/news/zitiganxibaoxiufubanyuebangsunshang.html]
[www.bnc100.com/detail/219.html]
[www.bnc100.com/news/zitizaoxueganxibaoyuzitimianyixibaodequbie.html]
[www.bnc100.com/detail/217.html]
[www.bnc100.com/news/zitimianyixibaoduikangzhongliu.html]
[www.bnc100.com/news/zitiganxibaoyanhuanshuailaobaojian.html]
[www.bnc100.com/newsfdb0-2.html]
[www.bnc100.com/newsaf4d-2.html]
[www.bnc100.com/newsc575-2.html]
[www.bnc100.com/news/zitiNKxibaoxiaoshayiganbingduheduikangzhongliu.html]
[www.bnc100.com/news/zitiganxibaozhiliaonaogengsi.html]
[www.bnc100.com/news/zitiganxibaozhiliao2xingtangniaobinganquanyouxiao.html]
[www.bnc100.com/news/zitiganxibaonizhuanIGAshenbing.html]
[www.bnc100.com/news/zitiganxibaonizhuangaoxueyanaochuxue.html]
[www.bnc100.com/news/zitiganxibaozhiliaomanxingjibingdezhongdatupo.html]
[www.bnc100.com/news/zitiganxibaoweimanxingjibingdailaixinxiwang.html]
[www.bnc100.com/news/zitiganxibaoganyuduozhongshenjingxitongjibingzhiliaoanquanyouxiao.html]
[www.bnc100.com/newsfdfa-2.html]
[www.bnc100.com/news0b08-2.html]
[www.bnc100.com/news1448.html]
[www.bnc100.com/news235c-2.html]
[www.bnc100.com/news/https://weibo.com/u/8215847324]
[www.bnc100.com/upload/images/ueditor/20260111/17680966593183669.jpg]
[www.bnc100.com/upload/images/ueditor/20260111/17680966681764261.png]
[www.bnc100.com/upload/images/ueditor/20260111/17680966906745175.png]
[www.bnc100.com/upload/images/ueditor/20260111/17680967062646535.jpg]
[www.bnc100.com/upload/images/ueditor/20260111/17680967492562613.jpg]
[www.bnc100.com/news/zitiganxibaoconggenyuanxiufuzhiliaogaoxuezhi.html]
[www.bnc100.com/upload/images/ueditor/20251210/17653565215110136.png]
[www.bnc100.com/upload/images/ueditor/20251210/17653565969365926.jpg]
[www.bnc100.com/upload/images/ueditor/20251210/17653565999932475.png]
[www.bnc100.com/upload/images/ueditor/20251210/17653565995731638.png]
[www.bnc100.com/upload/images/ueditor/20251210/17653566465826280.png]
[www.bnc100.com/upload/images/ueditor/20251210/17653566695279602.png]
[www.bnc100.com/upload/images/ueditor/20251210/17653567498988962.png]
[www.bnc100.com/upload/images/ueditor/20251210/17653567616945593.jpg]
[www.bnc100.com/upload/images/ueditor/20251210/17653567686322110.jpg]
[www.bnc100.com/upload/images/ueditor/20251210/17653569215331329.jpg]
[www.bnc100.com/bainianchunshengzhiganxibao.html]
[www.bnc100.com/upload/images/ueditor/20251201/17645727332864526.png]
[www.bnc100.com/upload/images/ueditor/20251201/17645727615338819.png]
[www.bnc100.com/upload/images/ueditor/20251201/17645728252633630.jpg]
[www.bnc100.com/upload/images/ueditor/20251201/17645728876860576.jpg]
[www.bnc100.com/upload/images/ueditor/20251201/17645729279950774.jpg]
[www.bnc100.com/upload/images/ueditor/20251201/17645729833266139.png]
[www.bnc100.com/upload/images/ueditor/20251201/17645730332410081.png]
[www.bnc100.com/upload/images/ueditor/20251201/17645730564068340.png]
[www.bnc100.com/upload/images/ueditor/20251201/17645730923729654.png]
[www.bnc100.com/upload/images/ueditor/20251201/17645730989765243.png]
[www.bnc100.com/upload/images/ueditor/20251201/17645731423451771.png]
[www.bnc100.com/upload/images/ueditor/20251201/17645731425844877.png]
[www.bnc100.com/upload/images/ueditor/20251201/17645731712647091.jpg]
[www.bnc100.com/upload/images/ueditor/20251201/17645731907582948.png]
[www.bnc100.com/upload/images/ueditor/20251201/17645732251746221.png]
[www.bnc100.com/bainiancunganxibao.html]
[www.bnc100.com/upload/images/ueditor/20251114/17631041043969131.gif]
[www.bnc100.com/upload/images/ueditor/20251114/17631041206988934.jpg]
[www.bnc100.com/upload/images/ueditor/20251114/17631041385115246.png]
[www.bnc100.com/upload/images/ueditor/20251114/17631041666510814.png]
[www.bnc100.com/upload/images/ueditor/20251114/17631042339436095.webp]
[www.bnc100.com/upload/images/ueditor/20251114/17631042609126500.png]
[www.bnc100.com/upload/images/ueditor/20251114/17631042814089717.webp]
[www.bnc100.com/upload/images/ueditor/20251114/17631043045264098.webp]
[www.bnc100.com/upload/images/ueditor/20251114/17631043198098364.webp]
[www.bnc100.com/upload/images/ueditor/20251114/17631043413970856.webp]
[www.bnc100.com/upload/images/ueditor/20251114/17631043419664968.webp]
[www.bnc100.com/upload/images/ueditor/20251114/17631043876087374.webp]
[www.bnc100.com/upload/images/ueditor/20251114/17631043679183054.webp]
[www.bnc100.com/upload/images/ueditor/20251114/17631044453893948.webp]
[www.bnc100.com/upload/images/ueditor/20251114/17631044779494040.webp]
[www.bnc100.com/upload/images/ueditor/20251114/17631044981985316.webp]
[www.bnc100.com/jianchongzhiganxibao.html]
[www.bnc100.com/list/22679.html]
[www.bnc100.com/list/24658.html]
[www.bnc100.com/list/32679.html]
[www.bnc100.com/list/34658.html]
[www.bnc100.com/list/39ba9.html]
[www.bnc100.com/list/3fdb0.html]
[www.bnc100.com/list/3af4d.html]
[www.bnc100.com/list/3c575.html]
[www.bnc100.com/list/3fdfa.html]
[www.bnc100.com/list/30b08.html]
[www.bnc100.com/list/3235c.html]
[www.bnc100.com/static/home/css/default-skin/default-skin.svg]
[www.bnc100.com/item/https://weibo.com/u/8215847324]
[www.bnc100.com/service2679.html]
[www.bnc100.com/upload/images/ueditor/20251024/17612718394549794.jpg]
[www.bnc100.com/upload/images/ueditor/20251024/17612718391112105.jpg]
[www.bnc100.com/list/31448.html]
[www.bnc100.com/upload/images/ueditor/20251024/17612718646575539.jpg]
[www.bnc100.com/upload/images/ueditor/20251024/17612718949741523.jpg]
[www.bnc100.com/upload/images/ueditor/20251024/17612718941369263.jpg]
[www.bnc100.com/upload/images/ueditor/20251024/17612719217153212.jpg]
[www.bnc100.com/upload/images/ueditor/20251024/17612719255071592.jpg]
[www.bnc100.com/upload/images/ueditor/20251024/17612719597880286.jpg]
[www.bnc100.com/upload/images/ueditor/20251024/17612719959815165.jpg]
[www.bnc100.com/upload/images/ueditor/20251024/17612719953099613.jpg]
[www.bnc100.com/upload/images/ueditor/20251024/17612728153549138.jpg]
[www.bnc100.com/upload/images/ueditor/20251024/17612722053496035.jpg]
[www.bnc100.com/upload/images/ueditor/20251024/17612722426252972.jpg]
[www.bnc100.com/upload/images/ueditor/20251024/17612722432775244.jpg]
[www.bnc100.com/upload/images/ueditor/20251024/17612722757947985.jpg]
[www.bnc100.com/upload/images/ueditor/20251024/17612723081791847.jpg]
[www.bnc100.com/news/bainianchun.html]
[www.bnc100.com/upload/files/ueditor_video/20250815/17552449607223385.mp4]
[www.bnc100.com/upload/images/ueditor/20250815/17552430879069330.png]
[www.bnc100.com/upload/images/ueditor/20250815/17552434685606030.png]
[www.bnc100.com/upload/images/ueditor/20250815/17552435329241206.png]
[www.bnc100.com/upload/images/ueditor/20250815/17552436076060618.png]
[www.bnc100.com/upload/images/ueditor/20250815/17552436315594188.png]
[www.bnc100.com/upload/images/ueditor/20250815/17552436543855005.png]
[www.bnc100.com/upload/images/ueditor/20250815/17552436823748562.png]
[www.bnc100.com/upload/images/ueditor/20250815/17552438079008140.png]
[www.bnc100.com/upload/images/ueditor/20250815/17552438266461660.png]
[www.bnc100.com/upload/images/ueditor/20250815/17552438854690271.png]
[www.bnc100.com/upload/images/ueditor/20250815/17552439021158482.png]
[www.bnc100.com/upload/images/ueditor/20250815/17552439562045401.png]
[www.bnc100.com/upload/images/ueditor/20250815/17552439772950983.png]
[www.bnc100.com/upload/images/ueditor/20250815/17552439893133395.png]
[www.bnc100.com/upload/images/ueditor/20250815/17552440051334920.png]
[www.bnc100.com/upload/images/ueditor/20250815/17552440236757688.jpg]
[www.bnc100.com/upload/images/ueditor/20250815/17552440596871790.png]
[www.bnc100.com/upload/images/ueditor/20250815/17552440817154467.png]
[www.bnc100.com/upload/images/ueditor/20250815/17552441192064653.jpg]
[www.bnc100.com/upload/images/ueditor/20250815/17552441321918242.png]
[www.bnc100.com/upload/images/ueditor/20250815/17552442809117811.png]
[www.bnc100.com/upload/images/ueditor/20250815/17552442997907257.png]
[www.bnc100.com/upload/images/ueditor/20250815/17552443292305824.png]
[www.bnc100.com/upload/images/ueditor/20250815/17552443471493671.png]
[www.bnc100.com/upload/images/ueditor/20250815/17552443632291559.png]
[www.bnc100.com/news/zitiganxibaoautologous-stem-cells.html]
[www.bnc100.com/news/zitiganxibaoshouchuanzhehejianchizhetobainianchun.html]
[www.bnc100.com/upload/images/ueditor/20250426/17456474418534685.png]
[www.bnc100.com/upload/images/ueditor/20250426/17456474465674855.png]
[www.bnc100.com/upload/images/ueditor/20250426/17456474504134646.png]
[www.bnc100.com/upload/images/ueditor/20250426/17456474552292642.png]
[www.bnc100.com/news/zitiganxibaoxiufushiligongnen.html]
[www.bnc100.com/news/zitiganxibaojishu25yingyonganquanyouxiao.html]
[www.bnc100.com/news/zitiganxibaoyuzhongkeyuanshenzhenxianjinyuanchuanxinlianheti.html]
[www.bnc100.com/news/zitiganxibaoyushnaweishihongsewenhuaxiehuipengdanhuizhanggonghuashengwukeji.html]
[www.bnc100.com/news/zitiganxibaozhiliaofeibujibing.html]
[www.bnc100.com/news/zitiganxibaoyouxiaozhiliaofeiyanfeixianweihua.html]
[www.bnc100.com/news/zitiganxibaonizhuanganzaozheng.html]
[www.bnc100.com/detail/157.html]
[www.bnc100.com/detail/156.html]
[www.bnc100.com/detail/155.html]
[www.bnc100.com/list/122679.html]
[www.bnc100.com/list/124658.html]
[www.bnc100.com/list/129ba9.html]
[www.bnc100.com/detail/145.html]
[www.bnc100.com/news/zitiganxibaozhiliaopajinsenanquanyouxiao.html]
[www.bnc100.com/news/zitiganxibaozhiliaoluancaozaosuai.html]
[www.bnc100.com/detail/142.html]
[www.bnc100.com/news/zitiganxibaozhiliaoluanchaozaoshuai.html]
[www.bnc100.com/news/zitiganxibaojiejuetutoukunrao.html]
[www.bnc100.com/news/zitiganxibaohongmianhuizhuangweihui2024fazhanyantaohuidi3qi.html]
[www.bnc100.com/news/zitiganxibaonizhuanyinxueing.html]
[www.bnc100.com/news/zitiganxibaoganxibaohuishuhoudejiudabianhua.html]
[www.bnc100.com/list/12fdb0.html]
[www.bnc100.com/list/12af4d.html]
[www.bnc100.com/news/ganxibao.html]
[www.bnc100.com/news/zitiganxibaorenminribao.html]
[www.bnc100.com/news/zitiganxibaoduikangnvxingshuailao.html]
[www.bnc100.com/news/zitiganxibaocunshenminbicunqianzhongyao.html]
[www.bnc100.com/news/zitiganxibaoganxibaoduikangshuailao.html]
[www.bnc100.com/news/zitiganxibaotanniaobingbaituoxuetangkunrao.html]
[www.bnc100.com/news/zitiganxibaofeiyan.html]
[www.bnc100.com/news/zitiganxibaozhiliaojibing.html]
[www.bnc100.com/news/renminribaoganxibao.html]
[www.bnc100.com/list/12fdfa.html]
[www.bnc100.com/list/120b08.html]
[www.bnc100.com/list/12c575.html]
[www.bnc100.com/list/12235c.html]
[www.bnc100.com/upload/images/ueditor/20260202/17700199035630666.jpg]
[www.bnc100.com/upload/images/ueditor/20260202/17700197118425144.png]
[www.bnc100.com/upload/images/ueditor/20260202/17700197295438860.jpg]
[www.bnc100.com/upload/images/ueditor/20260202/17700197846499207.jpg]
[www.bnc100.com/news/zitiganxibaozhiliaoxinjibing.html]
[www.bnc100.com/list/132679.html]
[www.bnc100.com/list/134658.html]
[www.bnc100.com/list/139ba9.html]
[www.bnc100.com/list/13fdb0.html]
[www.bnc100.com/news/zitiNKxibaozhiliaoxiaoguo.html]
[www.bnc100.com/news/zitiganxibaoganyuyanbujibing.html]
[www.bnc100.com/list/13fdfa.html]
[www.bnc100.com/list/13af4d.html]
[www.bnc100.com/list/13c575.html]
[www.bnc100.com/list/13235c.html]
[www.bnc100.com/upload/images/ueditor/20260128/17695856906563975.jpg]
[www.bnc100.com/upload/images/ueditor/20260128/17695857013048505.jpg]
[www.bnc100.com/upload/images/ueditor/20260128/17695857122773122.png]
[www.bnc100.com/upload/images/ueditor/20260128/17695857239147727.png]
[www.bnc100.com/upload/images/ueditor/20260128/17695857341857215.jpg]
[www.bnc100.com/news/zitiganxibaozhiliaoganyinghuarangganzangchongsheng.html]
[www.bnc100.com/news/zitimianyixibaozhiliaojiyufangjibing.html]
[www.bnc100.com/news/zitiganxibaozhiliaoxiguanjie.html]
[www.bnc100.com/upload/images/ueditor/20260117/17686397946986917.png]
[www.bnc100.com/upload/images/ueditor/20260117/17686397991574302.jpg]
[www.bnc100.com/upload/images/ueditor/20260117/17686398032941825.png]
[www.bnc100.com/upload/images/ueditor/20260117/17686398361710987.jpg]
[www.bnc100.com/upload/images/ueditor/20260117/17686398448234754.jpg]
[www.bnc100.com/upload/images/ueditor/20260117/17686398559475887.jpg]
[www.bnc100.com/news/zitiganxibaozhiliaonaogeng.html]
[www.bnc100.com/news/zitiganxibaoxiufufeizang.html]
[www.bnc100.com/upload/images/ueditor/20260111/17680962548523387.png]
[www.bnc100.com/upload/images/ueditor/20260111/17680960472216804.jpg]
[www.bnc100.com/upload/images/ueditor/20260111/17680959998164138.png]
[www.bnc100.com/news/zitiganxibaoduocihuishuxiaoguozuijia.html]
[www.bnc100.com/news/zitiganxibaozhiliaomanxingtangniaobing.html]
[www.bnc100.com/news2679.html]
[www.bnc100.com/upload/images/ueditor/20250815/17552410144535862.jpg]
[www.bnc100.com/upload/images/ueditor/20250815/17552410749601446.png]
[www.bnc100.com/upload/images/ueditor/20250815/17552411087571250.jpg]
[www.bnc100.com/upload/images/ueditor/20250815/17552411491747686.jpg]
[www.bnc100.com/upload/images/ueditor/20250815/17552411654341005.jpg]
[www.bnc100.com/upload/images/ueditor/20250815/17552412061360194.jpg]
[www.bnc100.com/upload/images/ueditor/20250815/17552412355015710.png]
[www.bnc100.com/upload/images/ueditor/20250815/17552412767739375.gif]
[www.bnc100.com/upload/images/ueditor/20250813/17550731561209757.webp]
[www.bnc100.com/news/zitiganxibaonk-cell-therapy-hepatitis-b-hpv-treatment.html]
[www.bnc100.com/upload/images/ueditor/20250813/17550728738268370.webp]
[www.bnc100.com/upload/images/ueditor/20250813/17550729392608569.webp]
[www.bnc100.com/upload/images/ueditor/20250813/17550730463503143.webp]
[www.bnc100.com/upload/images/ueditor/20250813/17550730726839370.webp]
[www.bnc100.com/upload/images/ueditor/20250813/17550731242318615.webp]
[www.bnc100.com/news/zitiganxibaozhenduikangshuailaobaojian.html]
[www.bnc100.com/detail/225.html]
[www.bnc100.com/news/zitiganxibaoyouxiaofangzhigaoxuezhidaozhidebingfazheng.html]
[www.bnc100.com/upload/images/ueditor/20250519/17476343961023453.png]
[www.bnc100.com/upload/images/ueditor/20250519/17476344012940152.png]
[www.bnc100.com/upload/images/ueditor/20250519/17476344065219196.png]
[www.bnc100.com/upload/images/ueditor/20250519/17476344116432199.jpg]
[www.bnc100.com/upload/images/ueditor/20250519/17476344156950401.png]
[www.bnc100.com/upload/images/ueditor/20250519/17476344194308398.png]
[www.bnc100.com/upload/images/ueditor/20250519/17476344252815296.png]
[www.bnc100.com/upload/images/ueditor/20250519/17476344312821552.png]
[www.bnc100.com/news/zitiganxibaowaimitihufu.html]
[www.bnc100.com/news/zitimainyixibaozengqiangjitimianyili.html]
[www.bnc100.com/upload/images/ueditor/20250518/17475346666828886.gif]
[www.bnc100.com/upload/images/ueditor/20250518/17475346685489030.png]
[www.bnc100.com/upload/images/ueditor/20250518/17475346759900496.png]
[www.bnc100.com/upload/images/ueditor/20250518/17475346794274257.png]
[www.bnc100.com/news/zitiganxibaozhiliaohongbanlangchang.html]
[www.bnc100.com/news/zitiNKxibaozhiliaofeijiejie.html]
[www.bnc100.com/news/zitiganxibaozhiliaoqiangzhixingjizhuyan.html]
[www.bnc100.com/upload/images/ueditor/20250517/17474488377840214.jpg]
[www.bnc100.com/upload/images/ueditor/20250517/17474488412036423.jpg]
[www.bnc100.com/upload/images/ueditor/20250517/17474488456759641.jpg]
[www.bnc100.com/upload/images/ueditor/20250517/17474488493115465.jpg]
[www.bnc100.com/upload/images/ueditor/20250517/17474488587383785.png]
[www.bnc100.com/upload/images/ueditor/20250517/17474488675316132.jpg]
[www.bnc100.com/news/zitiprphuanyan.html]
[www.bnc100.com/news/zitiganxibaowaimitizhiliaofeijiejie.html]
[www.bnc100.com/upload/images/ueditor/20250516/17473822174053015.jpg]
[www.bnc100.com/upload/images/ueditor/20250516/17473822257068414.jpg]
[www.bnc100.com/upload/images/ueditor/20250516/17473822315622314.png]
[www.bnc100.com/upload/images/ueditor/20250516/17473822362195579.jpg]
[www.bnc100.com/upload/images/ueditor/20250516/17473822425135420.jpg]
[www.bnc100.com/upload/images/ueditor/20250516/17473822477049388.jpg]
[www.bnc100.com/upload/images/ueditor/20250516/17473822583383570.jpg]
[www.bnc100.com/news/zitiPRPzhiliaotuofa.html]
[www.bnc100.com/news/zitiganxibaonizhuantangniaobing14daysyuhelvtupo96%.html]
[www.bnc100.com/detail/181.html]
[www.bnc100.com/news/zitiganxibaonizhuanpajinsen.html]
[www.bnc100.com/news/zitiganxibaonizhuanganyinghua.html]
[www.bnc100.com/news/zitiganxibaoyumianyixibaodequbie.html]
[www.bnc100.com/news/zitiganxibaonizhuannaochuxuehouyizheng.html]
[www.bnc100.com/news/zitiganxibaonizhuantongfeng.html]
[www.bnc100.com/news/zitiganxibaonizhuanshengongnenbuquan.html]
[www.bnc100.com/news/zitiganxibaoxiufubanyuebangshunshang.html]
[www.bnc100.com/news/zitiganxibaoshixiankangshuai.html]
[www.bnc100.com/news1448-2.html]
[www.bnc100.com/news1c8b.html]
[www.bnc100.com/newsfdfa.html]
[www.bnc100.com/news/zitiganxibaonizhuanluanchaoshuailao.html]
[www.bnc100.com/news/zitiganxibaonennizhuanshuailao.html]
[www.bnc100.com/news/zitiganxibaonizhuan6niantongfeng.html]
[www.bnc100.com/news/zitiganxibaozhiliaotangniaobing/pajinsen/aizheng.html]
[www.bnc100.com/news/zitiganxibaonizhuanshengongnensunshang.html]
[www.bnc100.com/newsce37.html]
[www.bnc100.com/news0b08.html]
[www.bnc100.com/service2679-2.html]
[www.bnc100.com/news2679-2.html]
[www.bnc100.com/upload/images/ueditor/20250615/17499513825310884.png]
[www.bnc100.com/upload/images/ueditor/20250615/17499513986317850.jpg]
[www.bnc100.com/upload/images/ueditor/20250615/17499515469121295.png]
[www.bnc100.com/upload/images/ueditor/20250615/17499515519275325.png]
[www.bnc100.com/upload/images/ueditor/20250615/17499515588194095.png]
[www.bnc100.com/upload/images/ueditor/20250615/17499515632769555.jpg]
[www.bnc100.com/news/zitiganxibaozhiliaogaoxueyaanquanyouxiao.html]
[www.bnc100.com/upload/images/ueditor/20250613/17498004694825551.png]
[www.bnc100.com/upload/images/ueditor/20250613/17498004756685190.png]
[www.bnc100.com/upload/images/ueditor/20250613/17498004815683100.png]
[www.bnc100.com/upload/images/ueditor/20250613/17498004861570215.jpg]
[www.bnc100.com/upload/images/ueditor/20250613/17498004911594010.jpg]
[www.bnc100.com/upload/images/ueditor/20250613/17498005437559474.jpg]
[www.bnc100.com/news/zitiganxibaoganyukangshuailao.html]
[www.bnc100.com/news/zitiganxibaokangshuailaobaojianhemanxingjibingxiufubaojianxioaguoxianzhu.html]
[www.bnc100.com/upload/images/ueditor/20250608/17493715918939819.jpg]
[www.bnc100.com/upload/images/ueditor/20250608/17493715999817050.gif]
[www.bnc100.com/upload/images/ueditor/20250608/17493716056412476.png]
[www.bnc100.com/upload/images/ueditor/20250608/17493716432110057.png]
[www.bnc100.com/upload/images/ueditor/20250608/17493716479330197.png]
[www.bnc100.com/upload/images/ueditor/20250608/17493716518576498.png]
[www.bnc100.com/upload/images/ueditor/20250608/17493716556552962.jpg]
[www.bnc100.com/upload/images/ueditor/20250608/17493716601250514.png]
[www.bnc100.com/upload/images/ueditor/20250608/17493716689849737.jpg]
[www.bnc100.com/news/zitiganxibaoxiufubanyuebangsunshang.html]
[www.bnc100.com/detail/219.html]
[www.bnc100.com/news/zitizaoxueganxibaoyuzitimianyixibaodequbie.html]
[www.bnc100.com/upload/images/ueditor/20250605/17491033266581157.jpg]
[www.bnc100.com/upload/images/ueditor/20250605/17491033394837660.png]
[www.bnc100.com/upload/images/ueditor/20250605/17491033466475148.jpg]
[www.bnc100.com/upload/images/ueditor/20250605/17491033524860781.jpg]
[www.bnc100.com/upload/images/ueditor/20250605/17491033666927285.jpg]
[www.bnc100.com/detail/217.html]
[www.bnc100.com/news/zitimianyixibaoduikangzhongliu.html]
[www.bnc100.com/upload/images/ueditor/20250526/17482303691655625.gif]
[www.bnc100.com/upload/images/ueditor/20250526/17482303353941844.png]
[www.bnc100.com/upload/images/ueditor/20250526/17482303919699377.gif]
[www.bnc100.com/upload/images/ueditor/20250526/17482303526718175.gif]
[www.bnc100.com/upload/images/ueditor/20250526/17482303526361932.jpg]
[www.bnc100.com/upload/images/ueditor/20250526/17482303608315949.png]
[www.bnc100.com/upload/images/ueditor/20250526/17482303672826180.jpg]
[www.bnc100.com/upload/images/ueditor/20250526/17482303742779197.png]
[www.bnc100.com/upload/images/ueditor/20250526/17482303793935144.jpg]
[www.bnc100.com/news/zitiganxibaoyanhuanshuailao.html]
[www.bnc100.com/news/zitiganxibaoyanhuanshuailaobaojian.html]
[www.bnc100.com/news/zitiNKxibaoxiaoshayiganbingduheduikangzhongliu.html]
[www.bnc100.com/upload/images/ueditor/20250514/17472149495051105.png]
[www.bnc100.com/upload/images/ueditor/20250514/17472149629982613.png]
[www.bnc100.com/upload/images/ueditor/20250514/17472149715270024.png]
[www.bnc100.com/upload/images/ueditor/20250514/17472149763480717.png]
[www.bnc100.com/upload/images/ueditor/20250514/17472149818283639.png]
[www.bnc100.com/upload/images/ueditor/20250514/17472149869575620.png]
[www.bnc100.com/upload/images/ueditor/20250514/17472149914419228.png]
[www.bnc100.com/upload/images/ueditor/20250514/17472150742425805.jpg]
[www.bnc100.com/news/zitiganxibaozhiliaonaogengsi.html]
[www.bnc100.com/news/zitiganxibaozhiliao2xingtangniaobinganquanyouxiao.html]
[www.bnc100.com/upload/images/ueditor/20250512/17470196897400302.png]
[www.bnc100.com/upload/images/ueditor/20250512/17470196935138937.png]
[www.bnc100.com/upload/images/ueditor/20250512/17470197018319478.png]
[www.bnc100.com/upload/images/ueditor/20250512/17470197068974084.png]
[www.bnc100.com/upload/images/ueditor/20250512/17470197118188221.png]
[www.bnc100.com/upload/images/ueditor/20250512/17470197171718743.jpg]
[www.bnc100.com/upload/images/ueditor/20250512/17470197273548983.jpg]
[www.bnc100.com/upload/images/ueditor/20250512/17470197323099935.png]
[www.bnc100.com/upload/images/ueditor/20250512/17470197367542264.png]
[www.bnc100.com/upload/images/ueditor/20250512/17470197451487723.jpg]
[www.bnc100.com/upload/images/ueditor/20250512/17470197749899467.jpg]
[www.bnc100.com/news/zitiganxibaonizhuanIGAshenbing.html]
[www.bnc100.com/news/zitiganxibaonizhuangaoxueyanaochuxue.html]
[www.bnc100.com/news/zitiganxibaozhiliaomanxingjibingdezhongdatupo.html]
[www.bnc100.com/upload/images/ueditor/20250509/17467602844468374.png]
[www.bnc100.com/upload/images/ueditor/20250509/17467602933693907.jpg]
[www.bnc100.com/upload/images/ueditor/20250509/17467603002133767.jpg]
[www.bnc100.com/upload/images/ueditor/20250509/17467603051349634.png]
[www.bnc100.com/upload/images/ueditor/20250509/17467603189373295.png]
[www.bnc100.com/upload/images/ueditor/20250509/17467603257707593.png]
[www.bnc100.com/upload/images/ueditor/20250509/17467603315483915.png]
[www.bnc100.com/upload/images/ueditor/20250509/17467603369152129.png]
[www.bnc100.com/news/zitiganxibaoweimanxingjibingdailaixinxiwang.html]
[www.bnc100.com/upload/images/ueditor/20250509/17467593609564472.webp]
[www.bnc100.com/upload/images/ueditor/20250509/17467593676638824.webp]
[www.bnc100.com/upload/images/ueditor/20250509/17467593722846080.webp]
[www.bnc100.com/upload/images/ueditor/20250509/17467593765056808.png]
[www.bnc100.com/upload/images/ueditor/20250509/17467593818782993.png]
[www.bnc100.com/upload/images/ueditor/20250509/17467593879998535.png]
[www.bnc100.com/upload/images/ueditor/20250509/17467593944433577.png]
[www.bnc100.com/upload/images/ueditor/20250509/17467595572397844.png]
[www.bnc100.com/upload/images/ueditor/20250509/17467594071777556.webp]
[www.bnc100.com/upload/images/ueditor/20250509/17467594121183057.webp]
[www.bnc100.com/upload/images/ueditor/20250509/17467594173149691.png]
[www.bnc100.com/upload/images/ueditor/20250509/17467594216555536.png]
[www.bnc100.com/news/zitiganxibaoganyuduozhongshenjingxitongjibingzhiliaoanquanyouxiao.html]
[www.bnc100.com/news1c8b-2.html]
[www.bnc100.com/newsfdfa-2.html]
[www.bnc100.com/news0b08-2.html]
[www.bnc100.com/news/zitiganxibaoPRPliaoyuziguguanjieyan.html]
[www.bnc100.com/detail/154.html]
[www.bnc100.com/detail/153.html]
[www.bnc100.com/newsce37-2.html]
[www.bnc100.com/news8c93.html]
[www.bnc100.com/news1448.html]
[www.bnc100.com/_data_image/svg+xml,_svg width='12' height='12' viewBox='0/www.w3.org/2000/svg'__path fill-rule='evenodd' clip-rule='eveno/__/svg__.html]
[www.bnc100.com/list/22679.html]
[www.bnc100.com/list/32679.html]
[www.bnc100.com/list/31c8b.html]
[www.bnc100.com/list/3fdfa.html]
[www.bnc100.com/list/30b08.html]
[www.bnc100.com/list/3ce37.html]
[www.bnc100.com/list/38c93.html]
[www.bnc100.com/list/31448.html]
[www.bnc100.com/news/_data_image/svg+xml,_svg width='12' height='12' viewBox='0/www.w3.org/2000/svg'__path fill-rule='evenodd' clip-rule='eveno/__/svg__.html]
[www.bnc100.com/upload/images/ueditor/20250426/17456471053876937.png]
[www.bnc100.com/upload/images/ueditor/20250426/17456471131121974.png]
[www.bnc100.com/upload/images/ueditor/20250426/17456471276291684.png]
[www.bnc100.com/upload/images/ueditor/20250426/17456471325038442.png]
[www.bnc100.com/upload/images/ueditor/20250426/17456471361931218.png]
[www.bnc100.com/upload/images/ueditor/20250426/17456471427875682.png]
[www.bnc100.com/upload/images/ueditor/20250426/17456471468463540.png]
[www.bnc100.com/upload/images/ueditor/20250426/17456471509700942.png]
[www.bnc100.com/upload/images/ueditor/20250426/17456471542641005.png]
[www.bnc100.com/upload/images/ueditor/20250426/17456471613655328.png]
[www.bnc100.com/upload/images/ueditor/20250426/17456471653373417.png]
[www.bnc100.com/news/zitiganxibaoxiufushiligongnen.html]
[www.bnc100.com/upload/images/ueditor/20250425/17455609512661374.jpg]
[www.bnc100.com/upload/images/ueditor/20250425/17455609571763589.jpg]
[www.bnc100.com/upload/images/ueditor/20250425/17455609676363220.jpg]
[www.bnc100.com/upload/images/ueditor/20250425/17455609752893268.jpg]
[www.bnc100.com/news/zitiganxibaoyuzhongkeyuanshenzhenxianjinyuanchuanxinlianheti.html]
[www.bnc100.com/news/zitiganxibaoyushnaweishihongsewenhuaxiehuipengdanhuizhanggonghuashengwukeji.html]
[www.bnc100.com/news/zitiganxibaozhiliaofeibujibing.html]
[www.bnc100.com/upload/images/ueditor/20250419/17450422296338921.jpg]
[www.bnc100.com/upload/images/ueditor/20250419/17450422465004049.jpg]
[www.bnc100.com/upload/images/ueditor/20250419/17450422594708534.jpg]
[www.bnc100.com/upload/images/ueditor/20250419/17450422903383499.jpg]
[www.bnc100.com/upload/images/ueditor/20250419/17450423096039455.png]
[www.bnc100.com/news/zitiganxibaoyouxiaozhiliaofeiyanfeixianweihua.html]
[www.bnc100.com/news/zitiganxibaonizhuanganzaozheng.html]
[www.bnc100.com/upload/images/ueditor/20250402/17435749377705440.webp]
[www.bnc100.com/upload/images/ueditor/20250402/17435749438912693.webp]
[www.bnc100.com/upload/images/ueditor/20250402/17435749499862524.webp]
[www.bnc100.com/upload/images/ueditor/20250402/17435749544261623.webp]
[www.bnc100.com/detail/157.html]
[www.bnc100.com/detail/156.html]
[www.bnc100.com/upload/images/ueditor/20250309/17415048462140544.webp]
[www.bnc100.com/upload/images/ueditor/20250309/17415048565977874.webp]
[www.bnc100.com/upload/images/ueditor/20250309/17415048655061038.webp]
[www.bnc100.com/upload/images/ueditor/20250309/17415048717733292.webp]
[www.bnc100.com/detail/155.html]
[www.bnc100.com/list/122679.html]
[www.bnc100.com/upload/images/ueditor/20241008/17283735451823512.webp]
[www.bnc100.com/upload/images/ueditor/20241008/17283735524093757.webp]
[www.bnc100.com/upload/images/ueditor/20241008/17283735586479334.webp]
[www.bnc100.com/news/zitiganxibaozhiliaoganbingyouxiaoanquan.html]
[www.bnc100.com/detail/145.html]
[www.bnc100.com/news/zitiganxibaozhiliaopajinsenanquanyouxiao.html]
[www.bnc100.com/news/zitiganxibaozhiliaoluancaozaosuai.html]
[www.bnc100.com/upload/images/ueditor/20241002/17278396534416419.webp]
[www.bnc100.com/upload/images/ueditor/20241002/17278396601296947.webp]
[www.bnc100.com/upload/images/ueditor/20241002/17278396678171123.webp]
[www.bnc100.com/upload/images/ueditor/20241002/17278396973753752.webp]
[www.bnc100.com/upload/images/ueditor/20241002/17278397057634305.webp]
[www.bnc100.com/upload/images/ueditor/20241002/17278397111764070.webp]
[www.bnc100.com/detail/142.html]
[www.bnc100.com/news/zitiganxibaozhiliaoluanchaozaoshuai.html]
[www.bnc100.com/news/zitiganxibaojiejuetutoukunrao.html]
[www.bnc100.com/upload/images/ueditor/20240904/17254356504778759.jpg]
[www.bnc100.com/upload/images/ueditor/20240904/17254356552531352.jpg]
[www.bnc100.com/upload/images/ueditor/20240904/17254357419354497.jpg]
[www.bnc100.com/upload/images/ueditor/20240904/17254356851650606.jpg]
[www.bnc100.com/upload/images/ueditor/20240904/17254356914800886.jpg]
[www.bnc100.com/upload/images/ueditor/20240904/17254356984426461.jpg]
[www.bnc100.com/news/zitiganxibaohongmianhuizhuangweihui2024fazhanyantaohuidi3qi.html]
[www.bnc100.com/news/zitiganxibaonizhuanyinxueing.html]
[www.bnc100.com/upload/images/ueditor/20240904/17254336495659989.gif]
[www.bnc100.com/upload/images/ueditor/20240904/17254336573867831.jpg]
[www.bnc100.com/upload/images/ueditor/20240904/17254336839573687.gif]
[www.bnc100.com/upload/images/ueditor/20240904/17254336874299804.jpg]
[www.bnc100.com/news/ganxibaoliaofayingzhan200duozhongshiyingzheng.html]
[www.bnc100.com/news/zitiganxibaoganxibaohuishuhoudejiudabianhua.html]
[www.bnc100.com/news/ganxibao.html]
[www.bnc100.com/news/zitiganxibaorenminribao.html]
[www.bnc100.com/upload/images/ueditor/20240703/17200005922716175.webp]
[www.bnc100.com/upload/images/ueditor/20240703/17200006014952528.webp]
[www.bnc100.com/upload/images/ueditor/20240703/17200006082768869.webp]
[www.bnc100.com/news/zitiganxibaoduikangnvxingshuailao.html]
[www.bnc100.com/news/zitiganxibaocunshenminbicunqianzhongyao.html]
[www.bnc100.com/news/zitiganxibaoganxibaoduikangshuailao.html]
[www.bnc100.com/upload/images/ueditor/20240703/17200001898602843.webp]
[www.bnc100.com/upload/images/ueditor/20240703/17200001986591667.webp]
[www.bnc100.com/upload/images/ueditor/20240703/17200002052790116.webp]
[www.bnc100.com/upload/images/ueditor/20240703/17200002124235477.webp]
[www.bnc100.com/news/zitiganxibaotanniaobingbaituoxuetangkunrao.html]
[www.bnc100.com/news/zitiganxibaofeiyan.html]
[www.bnc100.com/upload/images/ueditor/20240527/17168005855105715.jpg]
[www.bnc100.com/upload/images/ueditor/20240527/17168005927665350.jpg]
[www.bnc100.com/upload/images/ueditor/20240527/17168006004500718.gif]
[www.bnc100.com/upload/images/ueditor/20240527/17168006066207938.jpg]
[www.bnc100.com/upload/images/ueditor/20240527/17168006129103803.jpg]
[www.bnc100.com/upload/images/ueditor/20240527/17168006177367148.jpg]
[www.bnc100.com/upload/images/ueditor/20240527/17168006231337867.jpg]
[www.bnc100.com/upload/images/ueditor/20240527/17168006301002745.jpg]
[www.bnc100.com/news/zitiganxibaozhiliaojibing.html]
[www.bnc100.com/upload/images/ueditor/20240524/17165413939792177.png]
[www.bnc100.com/news/zitiganxibaoyimei.html]
[www.bnc100.com/news/renminribaoganxibao.html]
[www.bnc100.com/news/bainianchunzitiganxibao.html]
[www.bnc100.com/news/luanchaozaoshuai.html]
[www.bnc100.com/news/zitiganxibaowaimitikangshuai.html]
[www.bnc100.com/news/huishuzitiganxibaodeganjue.html]
[www.bnc100.com/news/zitiganxibaokangshuailao.html]
[www.bnc100.com/news/zitiganxibao/tangniaobing.html]
[www.bnc100.com/news/zitiganxibao.html]
[www.bnc100.com/自体干细胞和异体干细胞哪个好？区别是什么？.html]
[www.bnc100.com/detail/81.html]
[www.bnc100.com/list/121448.html]
[www.bnc100.com/list/12fdfa.html]
[www.bnc100.com/list/120b08.html]
[www.bnc100.com/list/132679.html]
[www.bnc100.com/upload/images/ueditor/20250521/17478104145134109.png]
[www.bnc100.com/upload/images/ueditor/20250521/17478102855161713.jpg]
[www.bnc100.com/upload/images/ueditor/20250521/17478102884248219.png]
[www.bnc100.com/upload/images/ueditor/20250521/17478102936943669.png]
[www.bnc100.com/upload/images/ueditor/20250521/17478103008379612.png]
[www.bnc100.com/upload/images/ueditor/20250521/17478103166583638.jpg]
[www.bnc100.com/upload/images/ueditor/20250521/17478103229047180.jpg]
[www.bnc100.com/upload/images/ueditor/20250521/17478103271333317.jpg]
[www.bnc100.com/news/zitiganxibaozhiliaoxiaochuananquanyouxiao.html]
[www.bnc100.com/news/zitiNKxibaozhiliaoxiaoguo.html]
[www.bnc100.com/news/zitiganxibaoganyuyanbujibing.html]
[www.bnc100.com/news/zitiganxibaoyouxiaozhiliaoguguanjieyan.html]
[www.bnc100.com/news/zitiganxibaoshidaiyinglailechuntian.html]
[www.bnc100.com/list/130b08.html]
[www.bnc100.com/list/131448.html]
[www.bnc100.com/list/13fdfa.html]
[www.bnc100.com/upload/images/ueditor/20250508/17466724283997437.jpg]
[www.bnc100.com/upload/images/ueditor/20250508/17466724336000162.jpg]
[www.bnc100.com/upload/images/ueditor/20250508/17466724389091535.jpg]
[www.bnc100.com/upload/images/ueditor/20250508/17466724578805410.jpg]
[www.bnc100.com/upload/images/ueditor/20250508/17466724629061741.jpg]
[www.bnc100.com/detail/181.html]
[www.bnc100.com/news/zitiganxibaonizhuanpajinsen.html]
[www.bnc100.com/news/zitiganxibaonizhuanganyinghua.html]
[www.bnc100.com/upload/images/ueditor/20250506/17465011711673677.gif]
[www.bnc100.com/upload/images/ueditor/20250506/17465011797388390.gif]
[www.bnc100.com/upload/images/ueditor/20250506/17465011814921264.webp]
[www.bnc100.com/upload/images/ueditor/20250506/17465012835107037.gif]
[www.bnc100.com/upload/images/ueditor/20250506/17465012207323505.png]
[www.bnc100.com/upload/images/ueditor/20250506/17465012291612240.gif]
[www.bnc100.com/upload/images/ueditor/20250506/17465012344299785.gif]
[www.bnc100.com/upload/images/ueditor/20250506/17465012392983156.gif]
[www.bnc100.com/upload/images/ueditor/20250506/17465012438023886.jpg]
[www.bnc100.com/news/zitiganxibaoyumianyixibaodequbie.html]
[www.bnc100.com/news/zitiganxibaonizhuannaochuxuehouyizheng.html]
[www.bnc100.com/upload/images/ueditor/20250504/17463286477249912.jpg]
[www.bnc100.com/upload/images/ueditor/20250504/17463286523981513.jpg]
[www.bnc100.com/upload/images/ueditor/20250504/17463286576122224.webp]
[www.bnc100.com/upload/images/ueditor/20250504/17463286602292570.webp]
[www.bnc100.com/upload/images/ueditor/20250504/17463288562918810.jpg]
[www.bnc100.com/upload/images/ueditor/20250504/17463289448750391.jpg]
[www.bnc100.com/upload/images/ueditor/20250504/17463286738847188.png]
[www.bnc100.com/upload/images/ueditor/20250504/17463286778177365.webp]
[www.bnc100.com/upload/images/ueditor/20250504/17463286827623964.webp]
[www.bnc100.com/upload/images/ueditor/20250504/17463286854385207.webp]
[www.bnc100.com/upload/images/ueditor/20250504/17463286911593943.webp]
[www.bnc100.com/upload/images/ueditor/20250504/17463286957403403.webp]
[www.bnc100.com/upload/images/ueditor/20250504/17463287138940844.webp]
[www.bnc100.com/upload/images/ueditor/20250504/17463287381064113.webp]
[www.bnc100.com/news/zitiganxibaonizhuantongfeng.html]
[www.bnc100.com/news/zitiganxibaonizhuanshengongnenbuquan.html]
[www.bnc100.com/upload/images/ueditor/20250503/17462626386232904.png]
[www.bnc100.com/upload/images/ueditor/20250503/17462626449373991.jpg]
[www.bnc100.com/upload/images/ueditor/20250503/17462626496740249.jpg]
[www.bnc100.com/upload/images/ueditor/20250503/17462626579918340.jpg]
[www.bnc100.com/upload/images/ueditor/20250503/17462626626013888.jpg]
[www.bnc100.com/upload/images/ueditor/20250503/17462626678163725.jpg]
[www.bnc100.com/upload/images/ueditor/20250503/17462626733509922.jpg]
[www.bnc100.com/upload/images/ueditor/20250503/17462626777165205.jpg]
[www.bnc100.com/upload/images/ueditor/20250503/17462626826968622.jpg]
[www.bnc100.com/upload/images/ueditor/20250503/17462626888107793.jpg]
[www.bnc100.com/upload/images/ueditor/20250503/17462626924514919.jpg]
[www.bnc100.com/news/zitiganxibaoxiufubanyuebangshunshang.html]
[www.bnc100.com/news/zitiganxibaoshixiankangshuai.html]
[www.bnc100.com/news8c93-2.html]
[www.bnc100.com/news1448-2.html]
[www.bnc100.com/news1c8b.html]
[www.bnc100.com/upload/images/ueditor/20250429/17458921692353729.png]
[www.bnc100.com/upload/images/ueditor/20250429/17458918167249619.png]
[www.bnc100.com/upload/images/ueditor/20250429/17458918873243989.png]
[www.bnc100.com/upload/images/ueditor/20250429/17458918563326723.png]
[www.bnc100.com/upload/images/ueditor/20250429/17458918614497783.png]
[www.bnc100.com/upload/images/ueditor/20250429/17458918668607861.png]
[www.bnc100.com/upload/images/ueditor/20250429/17458918702438029.png]
[www.bnc100.com/upload/images/ueditor/20250429/17458918761365072.png]
[www.bnc100.com/news/zitiganxibaonizhuanluanchaoshuailao.html]
[www.bnc100.com/upload/images/ueditor/20250428/17458077944650498.jpg]
[www.bnc100.com/upload/images/ueditor/20250428/17458077984437171.png]
[www.bnc100.com/upload/images/ueditor/20250428/17458078039596614.png]
[www.bnc100.com/upload/images/ueditor/20250428/17458078104743362.png]
[www.bnc100.com/news/zitiganxibaonennizhuanshuailao.html]
[www.bnc100.com/news/zitiganxibaonizhuan6niantongfeng.html]
[www.bnc100.com/news/zitiganxibaozhiliaotangniaobing/pajinsen/www.baidu.323.delayed]
[www.bnc100.com/news/zitiganxibaozhiliaotangniaobing/pajinsen/aizheng.html]
[www.bnc100.com/upload/images/ueditor/20250427/17457363241574323.png]
[www.bnc100.com/upload/images/ueditor/20250427/17457363319811603.png]
[www.bnc100.com/upload/images/ueditor/20250427/17457363353044926.png]
[www.bnc100.com/upload/images/ueditor/20250427/17457365379922221.png]
[www.bnc100.com/upload/images/ueditor/20250427/17457365952945908.png]
[www.bnc100.com/upload/images/ueditor/20250427/17457367627104754.png]
[www.bnc100.com/upload/images/ueditor/20250427/17457366682284628.png]
[www.bnc100.com/upload/images/ueditor/20250427/17457366748166747.png]
[www.bnc100.com/upload/images/ueditor/20250427/17457366799381395.png]
[www.bnc100.com/upload/images/ueditor/20250427/17457366892364017.png]
[www.bnc100.com/news/zitiganxibaonizhuanshengongnensunshang.html]
[www.bnc100.com/news/zitiganxibaobainianchunzitiganxibaojishu.html]
[www.bnc100.com/news/zitiganxibaoyouxiaohuanjiezongfenghounaoshunshang.html]
[www.bnc100.com/newsa7f1.html]
[www.bnc100.com/news5760.html]
[www.bnc100.com/newsce37.html]
[www.bnc100.com/news/_data_image/svg+xml;charset=utf8,_svg xmlns='http_/www.w3.org/2000/svg' xmlns_xlink='http_/www.w3.org/1999/xlink' width='24' height='24' viewBox='0 0 24 2/_  _/defs_  _g f/_    _g fill-opacity=']
[www.bnc100.com/news/zitiganxibaonizhuanyinxiebing.html]
[www.bnc100.com/news/zitiganxibaoyanhuanshuailao.html]
[www.bnc100.com/detail/152.html]
[www.bnc100.com/detail/151.html]
[www.bnc100.com/news/zitiganxibaozhengce.html]
[www.bnc100.com/news/zitiganxibaozhiliaotangniaobing.html]
[www.bnc100.com/news/zitiganxibaoyouxiaozhiliaomanzufei.html]
[www.bnc100.com/news/zitiganxibaonizhuantangniaobing.html]
[www.bnc100.com/newsa7f1-2.html]
[www.bnc100.com/news1c8b-2.html]
[www.bnc100.com/upload/images/ueditor/20250418/17449643705311569.png]
[www.bnc100.com/upload/images/ueditor/20250418/17449643828852565.png]
[www.bnc100.com/upload/images/ueditor/20250418/17449644215787747.png]
[www.bnc100.com/news/zitiganxibaoPRPliaoyuziguguanjieyan.html]
[www.bnc100.com/detail/154.html]
[www.bnc100.com/upload/images/ueditor/20250214/17395232506624349.webp]
[www.bnc100.com/upload/images/ueditor/20250214/17395232604454083.webp]
[www.bnc100.com/upload/images/ueditor/20250214/17395232827787824.png]
[www.bnc100.com/detail/153.html]
[www.bnc100.com/news5760-2.html]
[www.bnc100.com/newsce37-2.html]
[www.bnc100.com/news/ribenganxibaozaojiachouwenbeibao.html]
[www.bnc100.com/detail/130.html]
[www.bnc100.com/detail/129.html]
[www.bnc100.com/http_/www.bainianchunzitiganxibaozhiliaotupoxingfazhan.html]
[www.bnc100.com/news/zitiganibaoxiufurendailashang.html]
[www.bnc100.com/detail/126.html]
[www.bnc100.com/news42a7.html]
[www.bnc100.com/news8c93.html]
[www.bnc100.com/list/https://weibo.com/u/8215847324]
[www.bnc100.com/product/https://weibo.com/u/8215847324]
[www.bnc100.com/list/31c8b.html]
[www.bnc100.com/list/3a7f1.html]
[www.bnc100.com/list/35760.html]
[www.bnc100.com/list/3ce37.html]
[www.bnc100.com/list/38c93.html]
[www.bnc100.com/upload/images/ueditor/20241009/17284659519954541.gif]
[www.bnc100.com/upload/images/ueditor/20241009/17284659666402889.jpg]
[www.bnc100.com/upload/images/ueditor/20241009/17284659723838536.jpg]
[www.bnc100.com/upload/images/ueditor/20241009/17284659853206522.png]
[www.bnc100.com/upload/images/ueditor/20241009/17284659979899662.jpg]
[www.bnc100.com/upload/images/ueditor/20241009/17284660029050407.jpg]
[www.bnc100.com/upload/images/ueditor/20241009/17284660061417595.jpg]
[www.bnc100.com/upload/images/ueditor/20241009/17284660113766890.jpg]
[www.bnc100.com/news/zitiganxibaozhiliaoganbingyouxiaoanquan.html]
[www.bnc100.com/upload/images/ueditor/20240829/17249198256333680.jpg]
[www.bnc100.com/upload/images/ueditor/20240829/17249198327576565.png]
[www.bnc100.com/upload/images/ueditor/20240829/17249198639788593.png]
[www.bnc100.com/upload/images/ueditor/20240829/17249198838339851.png]
[www.bnc100.com/upload/images/ueditor/20240829/17249198977202254.png]
[www.bnc100.com/news/ganxibaoliaofayingzhan200duozhongshiyingzheng.html]
[www.bnc100.com/upload/images/ueditor/20240523/17164517333705975.png]
[www.bnc100.com/upload/images/ueditor/20240523/17164517488961591.jpg]
[www.bnc100.com/upload/images/ueditor/20240523/17164517725226198.png]
[www.bnc100.com/upload/images/ueditor/20240523/17164517789212452.jpg]
[www.bnc100.com/upload/images/ueditor/20240523/17164517848669141.png]
[www.bnc100.com/news/tongfengganxibao.html]
[www.bnc100.com/news/zitiganxibaoyimei.html]
[www.bnc100.com/news/bainianchunzitiganxibao.html]
[www.bnc100.com/upload/images/ueditor/20240325/17113496166554972.gif]
[www.bnc100.com/upload/images/ueditor/20240325/17113496284634262.webp]
[www.bnc100.com/upload/images/ueditor/20240325/17113496444012806.png]
[www.bnc100.com/upload/images/ueditor/20240325/17113496812846628.png]
[www.bnc100.com/upload/images/ueditor/20240325/17113496927413946.png]
[www.bnc100.com/upload/images/ueditor/20240325/17113497203464912.png]
[www.bnc100.com/upload/images/ueditor/20240325/17113497427573613.png]
[www.bnc100.com/upload/images/ueditor/20240325/17113497622132407.png]
[www.bnc100.com/upload/images/ueditor/20240325/17113497836405680.png]
[www.bnc100.com/upload/images/ueditor/20240325/17113498041827907.png]
[www.bnc100.com/upload/images/ueditor/20240325/17113498276211770.png]
[www.bnc100.com/news/luanchaozaoshuai.html]
[www.bnc100.com/news/zitiganxibaowaimitikangshuai.html]
[www.bnc100.com/news/huishuzitiganxibaodeganjue.html]
[www.bnc100.com/upload/images/ueditor/20240321/17110056818496264.png]
[www.bnc100.com/upload/images/ueditor/20240321/17110056952123913.png]
[www.bnc100.com/upload/images/ueditor/20240321/17110057112295479.jpg]
[www.bnc100.com/news/zitiganxibaokangshuailao.html]
[www.bnc100.com/news/zitiganxibao/www.baidu.36b.delayed]
[www.bnc100.com/news/zitiganxibao/tangniaobing.html]
[www.bnc100.com/news/zitiganxibao.html]
[www.bnc100.com/upload/images/ueditor/20240315/17104942187329066.jpg]
[www.bnc100.com/upload/images/ueditor/20240315/17104942376941441.jpg]
[www.bnc100.com/自体干细胞和异体干细胞哪个好？区别是什么？.html]
[www.bnc100.com/detail/81.html]
[www.bnc100.com/detail/30.html]
[www.bnc100.com/detail/37.html]
[www.bnc100.com/detail/34.html]
[www.bnc100.com/detail/36.html]
[www.bnc100.com/list/121448.html]
[www.bnc100.com/upload/images/ueditor/20250522/17478810098481044.gif]
[www.bnc100.com/upload/images/ueditor/20250522/17478810165027673.gif]
[www.bnc100.com/upload/images/ueditor/20250522/17478810316843231.gif]
[www.bnc100.com/upload/images/ueditor/20250522/17478810377973467.gif]
[www.bnc100.com/upload/images/ueditor/20250522/17478810493413611.jpg]
[www.bnc100.com/news/zitiganxibaonizhuancanji.html]
[www.bnc100.com/news/zitiganxibaozhiliaoxiaochuananquanyouxiao.html]
[www.bnc100.com/news/zitiganxibaoyouxiaozhiliaoguguanjieyan.html]
[www.bnc100.com/upload/images/ueditor/20240915/17263686212457253.jpg]
[www.bnc100.com/upload/images/ueditor/20240915/17263686263966969.jpg]
[www.bnc100.com/upload/images/ueditor/20240915/17263686328393315.jpg]
[www.bnc100.com/upload/images/ueditor/20240915/17263686397483978.jpg]
[www.bnc100.com/upload/images/ueditor/20240915/17263686442895691.jpg]
[www.bnc100.com/upload/images/ueditor/20240915/17263686543217511.jpg]
[www.bnc100.com/upload/images/ueditor/20240915/17263686587982925.jpg]
[www.bnc100.com/upload/images/ueditor/20240915/17263686943339103.jpg]
[www.bnc100.com/news/zitiganxibaoshidaiyinglailechuntian.html]
[www.bnc100.com/news/zitiganxibaoyukangshuailaodemimi.html]
[www.bnc100.com/news/zitiganxibaozhiliaoganyinghuaanquanyouxiao.html]
[www.bnc100.com/news/zitiganxibaozhiliaomianyixingjibing.html]
[www.bnc100.com/news/zitiganxibaoganxibaokangshuailao.html]
[www.bnc100.com/news/ganxibaoaizheng.html]
[www.bnc100.com/news/zitiganxibaohefama.html]
[www.bnc100.com/detail/79.html]
[www.bnc100.com/list/130b08.html]
[www.bnc100.com/list/131448.html]
[www.bnc100.com/news42a7-2.html]
[www.bnc100.com/news8c93-2.html]
[www.bnc100.com/news/zitiganxibaozhiliaotangniaobing/pajinsen/https://weibo.com/u/8215847324]
[www.bnc100.com/upload/images/ueditor/20240915/17263679444116245.jpg]
[www.bnc100.com/upload/images/ueditor/20240915/17263679458516360.jpg]
[www.bnc100.com/upload/images/ueditor/20240915/17263679454226106.jpg]
[www.bnc100.com/upload/images/ueditor/20240915/17263679451829225.jpg]
[www.bnc100.com/upload/images/ueditor/20240915/17263679459632153.jpg]
[www.bnc100.com/news/zitiganxibaobainianchunzitiganxibaojishu.html]
[www.bnc100.com/news/zitiganxibaoyouxiaohuanjiezongfenghounaoshunshang.html]
[www.bnc100.com/detail/125.html]
[www.bnc100.com/news/zitiganxibaogongsinagehao.html]
[www.bnc100.com/news5c43.html]
[www.bnc100.com/newsa7f1.html]
[www.bnc100.com/news5760.html]
[www.bnc100.com/upload/images/ueditor/20250526/17482296916736707.jpg]
[www.bnc100.com/upload/images/ueditor/20250526/17482297077002918.png]
[www.bnc100.com/upload/images/ueditor/20250526/17482297179601329.png]
[www.bnc100.com/upload/images/ueditor/20250526/17482297267759655.jpg]
[www.bnc100.com/upload/images/ueditor/20250526/17482297381397699.jpg]
[www.bnc100.com/upload/images/ueditor/20250526/17482297481276618.jpg]
[www.bnc100.com/upload/images/ueditor/20250526/17482297569597050.jpg]
[www.bnc100.com/upload/images/ueditor/20250526/17482297729897014.png]
[www.bnc100.com/upload/images/ueditor/20250526/17482297918026035.jpg]
[www.bnc100.com/news/zitiganxibaonengzhiliaonaxiejibing.html]
[www.bnc100.com/news/zitiganxibaonizhuanyinxiebing.html]
[www.bnc100.com/upload/images/ueditor/20241215/17342507056234341.webp]
[www.bnc100.com/upload/images/ueditor/20241215/17342507128901970.webp]
[www.bnc100.com/upload/images/ueditor/20241215/17342507189074041.webp]
[www.bnc100.com/upload/images/ueditor/20241215/17342507276251172.webp]
[www.bnc100.com/upload/images/ueditor/20241215/17342507474652902.webp]
[www.bnc100.com/upload/images/ueditor/20241215/17342507551226815.webp]
[www.bnc100.com/upload/images/ueditor/20241215/17342507679137037.webp]
[www.bnc100.com/detail/152.html]
[www.bnc100.com/detail/151.html]
[www.bnc100.com/upload/images/ueditor/20241107/17309707404285527.webp]
[www.bnc100.com/upload/images/ueditor/20241107/17309707476695061.webp]
[www.bnc100.com/upload/images/ueditor/20241107/17309707542998876.webp]
[www.bnc100.com/upload/images/ueditor/20241107/17309707617596964.webp]
[www.bnc100.com/news/zitiganxibaozhengce.html]
[www.bnc100.com/news/zitiganxibaozhiliaotangniaobing.html]
[www.bnc100.com/upload/images/ueditor/20241013/17288024099442747.jpg]
[www.bnc100.com/upload/images/ueditor/20241013/17288024237493473.jpg]
[www.bnc100.com/upload/images/ueditor/20241013/17288024302535530.jpg]
[www.bnc100.com/upload/images/ueditor/20241013/17288024349649391.jpg]
[www.bnc100.com/upload/images/ueditor/20241013/17288024822869235.jpg]
[www.bnc100.com/upload/images/ueditor/20241013/17288024912969318.jpg]
[www.bnc100.com/news/zitiganxibaoyouxiaozhiliaomanzufei.html]
[www.bnc100.com/news/zitiganxibaonizhuantangniaobing.html]
[www.bnc100.com/news5c43-2.html]
[www.bnc100.com/newsa7f1-2.html]
[www.bnc100.com/news/ganxibaokexuejia.html]
[www.bnc100.com/news9683.html]
[www.bnc100.com/news5760-2.html]
[www.bnc100.com/upload/images/ueditor/20240829/17249191959681962.jpg]
[www.bnc100.com/upload/images/ueditor/20240829/17249192005530978.jpg]
[www.bnc100.com/upload/images/ueditor/20240829/17249192197687300.jpg]
[www.bnc100.com/upload/images/ueditor/20240829/17249192256060870.jpg]
[www.bnc100.com/upload/images/ueditor/20240829/17249192315131183.jpg]
[www.bnc100.com/news/ribenganxibaozaojiachouwenbeibao.html]
[www.bnc100.com/upload/images/ueditor/20240827/17247303148027297.jpg]
[www.bnc100.com/upload/images/ueditor/20240827/17247303449620048.jpg]
[www.bnc100.com/upload/images/ueditor/20240827/17247303515252854.png]
[www.bnc100.com/upload/images/ueditor/20240827/17247304021299738.png]
[www.bnc100.com/upload/images/ueditor/20240827/17247304634943930.png]
[www.bnc100.com/detail/130.html]
[www.bnc100.com/detail/129.html]
[www.bnc100.com/http_/www.bainianchunzitiganxibaozhiliaotupoxingfazhan.html]
[www.bnc100.com/upload/images/ueditor/20240819/17240595185469623.jpg]
[www.bnc100.com/upload/images/ueditor/20240819/17240595256971359.jpg]
[www.bnc100.com/upload/images/ueditor/20240819/17240595319848996.jpg]
[www.bnc100.com/upload/images/ueditor/20240819/17240595394528206.jpg]
[www.bnc100.com/upload/images/ueditor/20240819/17240595459931773.jpg]
[www.bnc100.com/news/zitiganibaoxiufurendailashang.html]
[www.bnc100.com/upload/images/ueditor/20240731/17224115268240159.webp]
[www.bnc100.com/upload/images/ueditor/20240731/17224115345678613.webp]
[www.bnc100.com/detail/126.html]
[www.bnc100.com/news/ganxibaoluanchaozaoshuai.html]
[www.bnc100.com/news/zitiganxibaozhiliaomanzufei.html]
[www.bnc100.com/news/ganxibaonajiazuikaopu.html]
[www.bnc100.com/news/ganxibaozhiliaotangniaobing.html]
[www.bnc100.com/news/ganxibaokangshuailao.html]
[www.bnc100.com/news/zitiganxibaozhiliaoganyinghua.html]
[www.bnc100.com/news7537.html]
[www.bnc100.com/news42a7.html]
[www.bnc100.com/list/3a7f1.html]
[www.bnc100.com/list/342a7.html]
[www.bnc100.com/list/35c43.html]
[www.bnc100.com/list/39683.html]
[www.bnc100.com/list/35760.html]
[www.bnc100.com/upload/images/ueditor/20240521/17162787059326101.png]
[www.bnc100.com/upload/images/ueditor/20240521/17162787171757880.png]
[www.bnc100.com/upload/images/ueditor/20240521/17162787322543840.png]
[www.bnc100.com/upload/images/ueditor/20240521/17162787636190399.jpg]
[www.bnc100.com/upload/images/ueditor/20240521/17162787761011489.png]
[www.bnc100.com/upload/images/ueditor/20240521/17162788379737247.jpg]
[www.bnc100.com/news/tongfengganxibao.html]
[www.bnc100.com/news/zitiganxibao/https://weibo.com/u/8215847324]
[www.bnc100.com/upload/images/ueditor/20231018/16976314895743185.jpg]
[www.bnc100.com/upload/images/ueditor/20231018/16976314976278727.png]
[www.bnc100.com/upload/images/ueditor/20231018/16976315134595500.jpg]
[www.bnc100.com/upload/images/ueditor/20231018/16976315186652743.jpg]
[www.bnc100.com/upload/images/ueditor/20231018/16976315302764031.jpg]
[www.bnc100.com/干细胞.html]
[www.bnc100.com/detail/30.html]
[www.bnc100.com/upload/images/ueditor/20231018/16976296862908600.jpg]
[www.bnc100.com/detail/37.html]
[www.bnc100.com/detail/34.html]
[www.bnc100.com/detail/36.html]
[www.bnc100.com/upload/images/ueditor/20250522/17478812904224354.png]
[www.bnc100.com/upload/images/ueditor/20250522/17478812953432566.png]
[www.bnc100.com/upload/images/ueditor/20250522/17478813056637404.png]
[www.bnc100.com/upload/images/ueditor/20250522/17478813094725745.png]
[www.bnc100.com/upload/images/ueditor/20250522/17478813139828881.png]
[www.bnc100.com/upload/images/ueditor/20250522/17478813219913819.jpg]
[www.bnc100.com/news/zitiganxibaonizhuancanji.html]
[www.bnc100.com/news/43weiyuanshigaodupinjiaganxibao.html]
[www.bnc100.com/upload/images/ueditor/20240703/17200008278885497.webp]
[www.bnc100.com/upload/images/ueditor/20240703/17200008322921386.webp]
[www.bnc100.com/upload/images/ueditor/20240703/17200008352641392.webp]
[www.bnc100.com/upload/images/ueditor/20240703/17200008405236126.webp]
[www.bnc100.com/news/zitiganxibaoyukangshuailaodemimi.html]
[www.bnc100.com/upload/images/ueditor/20240703/17200008994697336.png]
[www.bnc100.com/upload/images/ueditor/20240703/17200009073085402.png]
[www.bnc100.com/upload/images/ueditor/20240703/17200009153046092.png]
[www.bnc100.com/upload/images/ueditor/20240703/17200009208938252.png]
[www.bnc100.com/upload/images/ueditor/20240703/17200010452688472.jpg]
[www.bnc100.com/upload/images/ueditor/20240703/17200010533106934.jpg]
[www.bnc100.com/upload/images/ueditor/20240703/17200010578118677.jpg]
[www.bnc100.com/upload/images/ueditor/20240703/17200010613137840.jpg]
[www.bnc100.com/upload/images/ueditor/20240703/17200012097747177.jpg]
[www.bnc100.com/upload/images/ueditor/20240703/17200012202641014.jpg]
[www.bnc100.com/upload/images/ueditor/20240703/17200012763440718.png]
[www.bnc100.com/news/zitiganxibaozhiliaoganyinghuaanquanyouxiao.html]
[www.bnc100.com/news/zitiganxibaozhiliaomianyixingjibing.html]
[www.bnc100.com/upload/images/ueditor/20240703/17200003569405523.webp]
[www.bnc100.com/upload/images/ueditor/20240703/17200004563623927.webp]
[www.bnc100.com/upload/images/ueditor/20240703/17200003765076747.webp]
[www.bnc100.com/upload/images/ueditor/20240703/17199998724537143.jpg]
[www.bnc100.com/news/zitiganxibaoganxibaokangshuailao.html]
[www.bnc100.com/news/ganxibaoaizheng.html]
[www.bnc100.com/news/zitiganxibaohefama.html]
[www.bnc100.com/upload/images/ueditor/20240309/17099735375966654.jpg]
[www.bnc100.com/upload/images/ueditor/20240309/17099735841806887.png]
[www.bnc100.com/upload/images/ueditor/20240309/17099736081666484.jpg]
[www.bnc100.com/upload/images/ueditor/20240309/17099736323245576.gif]
[www.bnc100.com/upload/images/ueditor/20240309/17099736646971535.png]
[www.bnc100.com/upload/images/ueditor/20240309/17099736923831749.jpg]
[www.bnc100.com/upload/images/ueditor/20240309/17099737266913456.jpg]
[www.bnc100.com/upload/images/ueditor/20240309/17099737374649181.jpg]
[www.bnc100.com/干预衰老的进程.html]
[www.bnc100.com/detail/79.html]
[www.bnc100.com/news9683-2.html]
[www.bnc100.com/news7537-2.html]
[www.bnc100.com/news42a7-2.html]
[www.bnc100.com/upload/images/ueditor/20240723/17217286812537294.webp]
[www.bnc100.com/upload/images/ueditor/20240723/17217286891109568.webp]
[www.bnc100.com/upload/images/ueditor/20240723/17217286965016759.webp]
[www.bnc100.com/upload/images/ueditor/20240723/17217287027653212.webp]
[www.bnc100.com/upload/images/ueditor/20240723/17217287205156591.webp]
[www.bnc100.com/upload/images/ueditor/20240723/17217287254754790.webp]
[www.bnc100.com/upload/images/ueditor/20240723/17217287308140593.webp]
[www.bnc100.com/upload/images/ueditor/20240723/17217287387823289.webp]
[www.bnc100.com/detail/125.html]
[www.bnc100.com/upload/images/ueditor/20240718/17212954671490908.webp]
[www.bnc100.com/upload/images/ueditor/20240718/17212954731105971.webp]
[www.bnc100.com/upload/images/ueditor/20240718/17212954795137795.webp]
[www.bnc100.com/upload/images/ueditor/20240718/17212954895610333.webp]
[www.bnc100.com/upload/images/ueditor/20240718/17212954982463179.webp]
[www.bnc100.com/news/zitiganxibaogongsinagehao.html]
[www.bnc100.com/detail/80.html]
[www.bnc100.com/newsf62c.html]
[www.bnc100.com/news5c43.html]
[www.bnc100.com/upload/images/ueditor/20250523/17479937217638105.png]
[www.bnc100.com/upload/images/ueditor/20250523/17479937286715636.png]
[www.bnc100.com/upload/images/ueditor/20250523/17479937345687039.png]
[www.bnc100.com/upload/images/ueditor/20250523/17479937383098507.jpg]
[www.bnc100.com/upload/images/ueditor/20250523/17479937428454380.png]
[www.bnc100.com/upload/images/ueditor/20250523/17479937462329458.jpg]
[www.bnc100.com/upload/images/ueditor/20250523/17479937504627850.jpg]
[www.bnc100.com/upload/images/ueditor/20250523/17479937539298790.png]
[www.bnc100.com/upload/images/ueditor/20250523/17479937598150048.jpg]
[www.bnc100.com/upload/images/ueditor/20250523/17479937628289308.jpg]
[www.bnc100.com/upload/images/ueditor/20250523/17479937653087220.jpg]
[www.bnc100.com/upload/images/ueditor/20250523/17479937688850681.jpg]
[www.bnc100.com/upload/images/ueditor/20250523/17479937774577968.jpg]
[www.bnc100.com/upload/images/ueditor/20250523/17479937819599503.jpg]
[www.bnc100.com/upload/images/ueditor/20250523/17479938188765815.jpg]
[www.bnc100.com/upload/images/ueditor/20250523/17479937871764492.jpg]
[www.bnc100.com/detail/208.html]
[www.bnc100.com/news/zitiganxibaonengzhiliaonaxiejibing.html]
[www.bnc100.com/newsf62c-2.html]
[www.bnc100.com/news5c43-2.html]
[www.bnc100.com/upload/images/ueditor/20240514/17156753635188991.png]
[www.bnc100.com/upload/images/ueditor/20240514/17156754155074233.jpg]
[www.bnc100.com/upload/images/ueditor/20240514/17156754234400157.jpg]
[www.bnc100.com/upload/images/ueditor/20240514/17156754298264441.jpg]
[www.bnc100.com/upload/images/ueditor/20240514/17156754543853287.jpg]
[www.bnc100.com/upload/images/ueditor/20240514/17156754685734707.jpg]
[www.bnc100.com/news/ganxibaokexuejia.html]
[www.bnc100.com/detail/78.html]
[www.bnc100.com/detail/77.html]
[www.bnc100.com/detail/76.html]
[www.bnc100.com/detail/75.html]
[www.bnc100.com/detail/74.html]
[www.bnc100.com/detail/65.html]
[www.bnc100.com/细胞行业趋势.html]
[www.bnc100.com/news9683.html]
[www.bnc100.com/upload/images/ueditor/20240501/17145549974316443.jpg]
[www.bnc100.com/news/ganxibaoluanchaozaoshuai.html]
[www.bnc100.com/upload/images/ueditor/20240430/17144635148543862.jpg]
[www.bnc100.com/upload/images/ueditor/20240430/17144640914549342.jpg]
[www.bnc100.com/upload/images/ueditor/20240430/17144640981176335.jpg]
[www.bnc100.com/news/zitiganxibaozhiliaomanzufei.html]
[www.bnc100.com/news/ganxibaonajiazuikaopu.html]
[www.bnc100.com/news/ganxibaozhiliaotangniaobing.html]
[www.bnc100.com/upload/images/ueditor/20240410/17127388631108024.jpg]
[www.bnc100.com/upload/images/ueditor/20240410/17127388804062959.gif]
[www.bnc100.com/upload/images/ueditor/20240410/17127388923082134.jpg]
[www.bnc100.com/upload/images/ueditor/20240410/17127389013901431.webp]
[www.bnc100.com/upload/images/ueditor/20240410/17127389105962650.jpg]
[www.bnc100.com/upload/images/ueditor/20240410/17127389205703045.gif]
[www.bnc100.com/upload/images/ueditor/20240410/17127389281484638.jpg]
[www.bnc100.com/upload/images/ueditor/20240410/17127389405110785.jpg]
[www.bnc100.com/upload/images/ueditor/20240410/17127389483466386.jpg]
[www.bnc100.com/upload/images/ueditor/20240410/17127389563635205.jpg]
[www.bnc100.com/upload/images/ueditor/20240410/17127389657594405.jpg]
[www.bnc100.com/news/ganxibaokangshuailao.html]
[www.bnc100.com/news/zitiganxibaozhiliaoganyinghua.html]
[www.bnc100.com/自体干细胞.html]
[www.bnc100.com/细胞.html]
[www.bnc100.com/细胞、干细胞.html]
[www.bnc100.com/detail/32.html]
[www.bnc100.com/detail/33.html]
[www.bnc100.com/detail/29.html]
[www.bnc100.com/news7537.html]
[www.bnc100.com/list/37537.html]
[www.bnc100.com/list/342a7.html]
[www.bnc100.com/list/35c43.html]
[www.bnc100.com/list/39683.html]
[www.bnc100.com/upload/images/ueditor/20231204/17016566266591988.png]
[www.bnc100.com/upload/images/ueditor/20231204/17016565865573366.png]
[www.bnc100.com/upload/images/ueditor/20231204/17016566497237127.png]
[www.bnc100.com/干细胞.html]
[www.bnc100.com/upload/images/ueditor/20250522/17478831286546227.png]
[www.bnc100.com/upload/images/ueditor/20250522/17478831393437215.png]
[www.bnc100.com/upload/images/ueditor/20250522/17478831467806549.png]
[www.bnc100.com/upload/images/ueditor/20250522/17478831537776276.png]
[www.bnc100.com/upload/images/ueditor/20250522/17478831607284103.png]
[www.bnc100.com/upload/images/ueditor/20250522/17478831674737895.png]
[www.bnc100.com/upload/images/ueditor/20250522/17478831744627897.png]
[www.bnc100.com/upload/images/ueditor/20250522/17478831801252480.png]
[www.bnc100.com/upload/images/ueditor/20250522/17478831877424988.png]
[www.bnc100.com/upload/images/ueditor/20250522/17478832084220473.png]
[www.bnc100.com/upload/images/ueditor/20250522/17478832114896645.png]
[www.bnc100.com/upload/images/ueditor/20250522/17478832454221668.png]
[www.bnc100.com/upload/images/ueditor/20250522/17478832549570456.png]
[www.bnc100.com/upload/images/ueditor/20250522/17478834174672800.png]
[www.bnc100.com/upload/images/ueditor/20250522/17478834325717107.png]
[www.bnc100.com/upload/images/ueditor/20250522/17478834399556248.png]
[www.bnc100.com/upload/images/ueditor/20250522/17478834476313721.png]
[www.bnc100.com/upload/images/ueditor/20250522/17478835456185999.png]
[www.bnc100.com/upload/images/ueditor/20250522/17478835537386401.png]
[www.bnc100.com/upload/images/ueditor/20250522/17478835604865050.png]
[www.bnc100.com/upload/images/ueditor/20250522/17478835652396437.png]
[www.bnc100.com/upload/images/ueditor/20250522/17478835745966972.png]
[www.bnc100.com/upload/images/ueditor/20250522/17478836386951444.png]
[www.bnc100.com/upload/images/ueditor/20250522/17478836193719440.png]
[www.bnc100.com/upload/images/ueditor/20250522/17478836912611397.png]
[www.bnc100.com/upload/images/ueditor/20250522/17478836972060798.png]
[www.bnc100.com/upload/images/ueditor/20250522/17478837042094977.png]
[www.bnc100.com/upload/images/ueditor/20250522/17478837107422713.png]
[www.bnc100.com/upload/images/ueditor/20250522/17478837546540546.png]
[www.bnc100.com/upload/images/ueditor/20250522/17478837617027330.png]
[www.bnc100.com/upload/images/ueditor/20250522/17478837681581457.png]
[www.bnc100.com/upload/images/ueditor/20250522/17478837912366553.png]
[www.bnc100.com/upload/images/ueditor/20250522/17478837988833727.png]
[www.bnc100.com/upload/images/ueditor/20250522/17478838741429294.png]
[www.bnc100.com/upload/images/ueditor/20250522/17478838688998395.png]
[www.bnc100.com/upload/images/ueditor/20250522/17478838646249444.png]
[www.bnc100.com/upload/images/ueditor/20250522/17478838882861551.png]
[www.bnc100.com/upload/images/ueditor/20250522/17478838942949145.png]
[www.bnc100.com/upload/images/ueditor/20250522/17478838987904089.png]
[www.bnc100.com/upload/images/ueditor/20250522/17478839094543057.png]
[www.bnc100.com/upload/images/ueditor/20250522/17478839779510946.png]
[www.bnc100.com/upload/images/ueditor/20250522/17478839541538653.png]
[www.bnc100.com/upload/images/ueditor/20250522/17478839491113693.png]
[www.bnc100.com/news/43weiyuanshigaodupinjiaganxibao.html]
[www.bnc100.com/upload/images/ueditor/20240221/17084813715401726.png]
[www.bnc100.com/upload/images/ueditor/20240221/17084814319093328.jpg]
[www.bnc100.com/upload/images/ueditor/20240221/17084814478532277.jpg]
[www.bnc100.com/upload/images/ueditor/20240221/17084814629630701.jpg]
[www.bnc100.com/干预衰老的进程.html]
[www.bnc100.com/news9683-2.html]
[www.bnc100.com/news7537-2.html]
[www.bnc100.com/detail/80.html]
[www.bnc100.com/newsf62c.html]
[www.bnc100.com/upload/images/ueditor/20250523/17479934168689962.png]
[www.bnc100.com/upload/images/ueditor/20250523/17479934262109496.png]
[www.bnc100.com/upload/images/ueditor/20250523/17479934314235676.png]
[www.bnc100.com/upload/images/ueditor/20250523/17479934374773017.png]
[www.bnc100.com/upload/images/ueditor/20250523/17479934432461716.png]
[www.bnc100.com/upload/images/ueditor/20250523/17479934472575511.png]
[www.bnc100.com/upload/images/ueditor/20250523/17479934513436463.png]
[www.bnc100.com/upload/images/ueditor/20250523/17479934555474546.png]
[www.bnc100.com/upload/images/ueditor/20250523/17479934629671047.png]
[www.bnc100.com/detail/208.html]
[www.bnc100.com/newsf62c-2.html]
[www.bnc100.com/upload/images/ueditor/20240306/17097138365952196.jpg]
[www.bnc100.com/upload/images/ueditor/20240306/17097138448643495.jpg]
[www.bnc100.com/upload/images/ueditor/20240306/17097138577047155.jpg]
[www.bnc100.com/detail/78.html]
[www.bnc100.com/detail/77.html]
[www.bnc100.com/upload/images/ueditor/20240229/17092001949702703.png]
[www.bnc100.com/upload/images/ueditor/20240229/17092004187540669.png]
[www.bnc100.com/detail/76.html]
[www.bnc100.com/detail/75.html]
[www.bnc100.com/upload/images/ueditor/20240222/17085901732351156.png]
[www.bnc100.com/upload/images/ueditor/20240222/17085901886372931.png]
[www.bnc100.com/upload/images/ueditor/20240222/17085902046682548.png]
[www.bnc100.com/detail/74.html]
[www.bnc100.com/detail/65.html]
[www.bnc100.com/细胞行业趋势.html]
[www.bnc100.com/upload/images/ueditor/20240105/17044469087670477.png]
[www.bnc100.com/upload/images/ueditor/20240105/17044469415584932.png]
[www.bnc100.com/自体干细胞.html]
[www.bnc100.com/细胞.html]
[www.bnc100.com/细胞、干细胞.html]
[www.bnc100.com/upload/images/ueditor/20231018/16976310726598786.jpg]
[www.bnc100.com/upload/images/ueditor/20231018/16976310922636485.jpg]
[www.bnc100.com/upload/images/ueditor/20231018/16976311185299110.jpg]
[www.bnc100.com/upload/images/ueditor/20231018/16976311296599620.jpg]
[www.bnc100.com/upload/images/ueditor/20231018/16976311427202059.jpg]
[www.bnc100.com/upload/images/ueditor/20231018/16976311614251824.jpg]
[www.bnc100.com/upload/images/ueditor/20231018/16976311809861604.jpg]
[www.bnc100.com/upload/images/ueditor/20231018/16976312068991428.jpg]
[www.bnc100.com/upload/images/ueditor/20231018/16976312149207852.jpg]
[www.bnc100.com/upload/images/ueditor/20231018/16976312309734133.jpg]
[www.bnc100.com/upload/images/ueditor/20231018/16976312398346068.jpg]
[www.bnc100.com/upload/images/ueditor/20231018/16976312704542068.jpg]
[www.bnc100.com/upload/images/ueditor/20231018/16976312593553978.jpg]
[www.bnc100.com/upload/images/ueditor/20231018/16976312821517546.jpg]
[www.bnc100.com/upload/images/ueditor/20231018/16976312939523985.jpg]
[www.bnc100.com/upload/images/ueditor/20231018/16976313007602493.jpg]
[www.bnc100.com/upload/images/ueditor/20231018/16976313101164122.jpg]
[www.bnc100.com/detail/32.html]
[www.bnc100.com/detail/33.html]
[www.bnc100.com/detail/29.html]
[www.bnc100.com/list/3f62c.html]
[www.bnc100.com/list/37537.html]
[www.bnc100.com/list/3f62c.html]
